
 Start                 Length     Name                   Class
 0001:0000000000401000 0003A9FCH .text                   CODE
 0002:000000000043C000 00005608H .data                   DATA
 0003:0000000000442000 00000134H .bss                    BSS
 0004:0000000000400000 00000000H .tls                    TLS
 0005:0000000000472000 00003BE8H .pdata                  PDATA


Detailed map of segments

 0001:00000000 00000468 C=CODE     S=.text    G=(none)   M=System   ALIGN=4
 0001:00000468 000018C8 C=CODE     S=.text    G=(none)   M=SysInit  ALIGN=4
 0001:00001D30 00000018 C=CODE     S=.text    G=(none)   M=System.Types ALIGN=4
 0001:00001D48 00000020 C=CODE     S=.text    G=(none)   M=System.UITypes ALIGN=4
 0001:00001D68 000003F4 C=CODE     S=.text    G=(none)   M=Winapi.Windows ALIGN=4
 0001:0000215C 0000001C C=CODE     S=.text    G=(none)   M=System.SysConst ALIGN=4
 0001:00002178 00000020 C=CODE     S=.text    G=(none)   M=Winapi.ImageHlp ALIGN=4
 0001:00002198 00000020 C=CODE     S=.text    G=(none)   M=Winapi.SHFolder ALIGN=4
 0001:000021B8 00000058 C=CODE     S=.text    G=(none)   M=Winapi.PsAPI ALIGN=4
 0001:00002210 00000018 C=CODE     S=.text    G=(none)   M=System.RTLConsts ALIGN=4
 0001:00002228 00000020 C=CODE     S=.text    G=(none)   M=System.Character ALIGN=4
 0001:00002248 00000020 C=CODE     S=.text    G=(none)   M=System.Internal.ExcUtils ALIGN=4
 0001:00002268 00000200 C=CODE     S=.text    G=(none)   M=System.SysUtils ALIGN=4
 0001:00002468 00000028 C=CODE     S=.text    G=(none)   M=Winapi.Messages ALIGN=4
 0001:00002490 00000018 C=CODE     S=.text    G=(none)   M=System.VarUtils ALIGN=4
 0001:000024A8 00000020 C=CODE     S=.text    G=(none)   M=System.Variants ALIGN=4
 0001:000024C8 00000028 C=CODE     S=.text    G=(none)   M=Winapi.ActiveX ALIGN=4
 0001:000024F0 00000018 C=CODE     S=.text    G=(none)   M=System.TypInfo ALIGN=4
 0001:00002508 00000020 C=CODE     S=.text    G=(none)   M=System.Hash ALIGN=4
 0001:00002528 00000020 C=CODE     S=.text    G=(none)   M=System.Math ALIGN=4
 0001:00002548 00000070 C=CODE     S=.text    G=(none)   M=System.Generics.Defaults ALIGN=4
 0001:000025B8 000003B0 C=CODE     S=.text    G=(none)   M=System.Generics.Collections ALIGN=4
 0001:00002968 00000060 C=CODE     S=.text    G=(none)   M=System.Rtti ALIGN=4
 0001:000029C8 00000040 C=CODE     S=.text    G=(none)   M=System.TimeSpan ALIGN=4
 0001:00002A08 00000020 C=CODE     S=.text    G=(none)   M=System.Diagnostics ALIGN=4
 0001:00002A28 000001A0 C=CODE     S=.text    G=(none)   M=System.Classes ALIGN=4
 0001:00002BC8 00000028 C=CODE     S=.text    G=(none)   M=StrList  ALIGN=4
 0001:00002BF0 00000020 C=CODE     S=.text    G=(none)   M=Winapi.WinSock ALIGN=4
 0001:00002C10 00000048 C=CODE     S=.text    G=(none)   M=superobject ALIGN=4
 0001:00002C58 00000020 C=CODE     S=.text    G=(none)   M=System.SyncObjs ALIGN=4
 0001:00002C78 00000020 C=CODE     S=.text    G=(none)   M=Winapi.Wincodec ALIGN=4
 0001:00002C98 00000028 C=CODE     S=.text    G=(none)   M=Winapi.CommCtrl ALIGN=4
 0001:00002CC0 00000020 C=CODE     S=.text    G=(none)   M=Winapi.Qos ALIGN=4
 0001:00002CE0 00000020 C=CODE     S=.text    G=(none)   M=Winapi.Winsock2 ALIGN=4
 0001:00002D00 00000020 C=CODE     S=.text    G=(none)   M=Winapi.IpExport ALIGN=4
 0001:00002D20 00000020 C=CODE     S=.text    G=(none)   M=Winapi.ShellAPI ALIGN=4
 0001:00002D40 00000020 C=CODE     S=.text    G=(none)   M=Winapi.RegStr ALIGN=4
 0001:00002D60 00000020 C=CODE     S=.text    G=(none)   M=Winapi.WinInet ALIGN=4
 0001:00002D80 00000020 C=CODE     S=.text    G=(none)   M=Winapi.UrlMon ALIGN=4
 0001:00002DA0 00000020 C=CODE     S=.text    G=(none)   M=Winapi.ObjectArray ALIGN=4
 0001:00002DC0 00000020 C=CODE     S=.text    G=(none)   M=Winapi.StructuredQueryCondition ALIGN=4
 0001:00002DE0 00000020 C=CODE     S=.text    G=(none)   M=Winapi.PropSys ALIGN=4
 0001:00002E00 00000018 C=CODE     S=.text    G=(none)   M=Winapi.MSXMLIntf ALIGN=4
 0001:00002E18 00000028 C=CODE     S=.text    G=(none)   M=Winapi.ShlObj ALIGN=4
 0001:00002E40 00000020 C=CODE     S=.text    G=(none)   M=Winapi.KnownFolders ALIGN=4
 0001:00002E60 00000018 C=CODE     S=.text    G=(none)   M=System.Masks ALIGN=4
 0001:00002E78 00000030 C=CODE     S=.text    G=(none)   M=System.StrUtils ALIGN=4
 0001:00002EA8 00000040 C=CODE     S=.text    G=(none)   M=System.DateUtils ALIGN=4
 0001:00002EE8 00000040 C=CODE     S=.text    G=(none)   M=System.IOUtils ALIGN=4
 0001:00002F28 00000020 C=CODE     S=.text    G=(none)   M=System.IniFiles ALIGN=4
 0001:00002F48 00000040 C=CODE     S=.text    G=(none)   M=System.Win.Registry ALIGN=4
 0001:00002F88 00000020 C=CODE     S=.text    G=(none)   M=System.UIConsts ALIGN=4
 0001:00002FA8 00000020 C=CODE     S=.text    G=(none)   M=Vcl.Consts ALIGN=4
 0001:00002FC8 00000040 C=CODE     S=.text    G=(none)   M=Vcl.Graphics ALIGN=4
 0001:00003008 00000020 C=CODE     S=.text    G=(none)   M=Winapi.MultiMon ALIGN=4
 0001:00003028 00000020 C=CODE     S=.text    G=(none)   M=System.Contnrs ALIGN=4
 0001:00003048 00000020 C=CODE     S=.text    G=(none)   M=System.ImageList ALIGN=4
 0001:00003068 00000040 C=CODE     S=.text    G=(none)   M=System.Messaging ALIGN=4
 0001:000030A8 00000020 C=CODE     S=.text    G=(none)   M=System.Actions ALIGN=4
 0001:000030C8 00000028 C=CODE     S=.text    G=(none)   M=Winapi.Imm ALIGN=4
 0001:000030F0 00000018 C=CODE     S=.text    G=(none)   M=Vcl.ActnList ALIGN=4
 0001:00003108 00000020 C=CODE     S=.text    G=(none)   M=System.HelpIntfs ALIGN=4
 0001:00003128 00000020 C=CODE     S=.text    G=(none)   M=Winapi.UxTheme ALIGN=4
 0001:00003148 00000028 C=CODE     S=.text    G=(none)   M=Winapi.Dwmapi ALIGN=4
 0001:00003170 00000020 C=CODE     S=.text    G=(none)   M=System.Win.Crtl ALIGN=4
 0001:00003190 00000018 C=CODE     S=.text    G=(none)   M=System.ZLib ALIGN=4
 0001:000031A8 00000020 C=CODE     S=.text    G=(none)   M=Vcl.GraphUtil ALIGN=4
 0001:000031C8 00000260 C=CODE     S=.text    G=(none)   M=Vcl.StdCtrls ALIGN=4
 0001:00003428 00000020 C=CODE     S=.text    G=(none)   M=System.MaskUtils ALIGN=4
 0001:00003448 00000020 C=CODE     S=.text    G=(none)   M=Vcl.Clipbrd ALIGN=4
 0001:00003468 00000020 C=CODE     S=.text    G=(none)   M=Vcl.Mask ALIGN=4
 0001:00003488 00000028 C=CODE     S=.text    G=(none)   M=Winapi.CommDlg ALIGN=4
 0001:000034B0 00000020 C=CODE     S=.text    G=(none)   M=Winapi.WinSpool ALIGN=4
 0001:000034D0 00000018 C=CODE     S=.text    G=(none)   M=Vcl.Printers ALIGN=4
 0001:000034E8 00000028 C=CODE     S=.text    G=(none)   M=Winapi.RichEdit ALIGN=4
 0001:00003510 00000018 C=CODE     S=.text    G=(none)   M=Vcl.ToolWin ALIGN=4
 0001:00003528 00000020 C=CODE     S=.text    G=(none)   M=Vcl.ListActns ALIGN=4
 0001:00003548 00000020 C=CODE     S=.text    G=(none)   M=Vcl.ComStrs ALIGN=4
 0001:00003568 00000020 C=CODE     S=.text    G=(none)   M=Vcl.StdActns ALIGN=4
 0001:00003588 00000320 C=CODE     S=.text    G=(none)   M=Vcl.ComCtrls ALIGN=4
 0001:000038A8 00000020 C=CODE     S=.text    G=(none)   M=System.WideStrUtils ALIGN=4
 0001:000038C8 00000028 C=CODE     S=.text    G=(none)   M=Winapi.Dlgs ALIGN=4
 0001:000038F0 00000018 C=CODE     S=.text    G=(none)   M=Vcl.Dialogs ALIGN=4
 0001:00003908 000000C0 C=CODE     S=.text    G=(none)   M=Vcl.ExtCtrls ALIGN=4
 0001:000039C8 00000060 C=CODE     S=.text    G=(none)   M=Vcl.Themes ALIGN=4
 0001:00003A28 00000020 C=CODE     S=.text    G=(none)   M=System.AnsiStrings ALIGN=4
 0001:00003A48 00000020 C=CODE     S=.text    G=(none)   M=System.Win.ComConst ALIGN=4
 0001:00003A68 00000040 C=CODE     S=.text    G=(none)   M=System.Win.ComObj ALIGN=4
 0001:00003AA8 00000020 C=CODE     S=.text    G=(none)   M=System.Win.Taskbar ALIGN=4
 0001:00003AC8 00000020 C=CODE     S=.text    G=(none)   M=System.Win.TaskbarCore ALIGN=4
 0001:00003AE8 00000028 C=CODE     S=.text    G=(none)   M=Winapi.ShellScaling ALIGN=4
 0001:00003B10 00000018 C=CODE     S=.text    G=(none)   M=Winapi.FlatSB ALIGN=4
 0001:00003B28 00000080 C=CODE     S=.text    G=(none)   M=Vcl.Forms ALIGN=4
 0001:00003BA8 00000020 C=CODE     S=.text    G=(none)   M=Vcl.ImgList ALIGN=4
 0001:00003BC8 00000020 C=CODE     S=.text    G=(none)   M=Vcl.Menus ALIGN=4
 0001:00003BE8 00000028 C=CODE     S=.text    G=(none)   M=Winapi.TpcShrd ALIGN=4
 0001:00003C10 000000B0 C=CODE     S=.text    G=(none)   M=Winapi.MsCTF ALIGN=4
 0001:00003CC0 00000020 C=CODE     S=.text    G=(none)   M=Winapi.MsInkAut ALIGN=4
 0001:00003CE0 00000020 C=CODE     S=.text    G=(none)   M=Winapi.PenInputPanel ALIGN=4
 0001:00003D00 00000018 C=CODE     S=.text    G=(none)   M=Vcl.Controls ALIGN=4
 0001:00003D18 00000020 C=CODE     S=.text    G=(none)   M=Vcl.Imaging.pnglang ALIGN=4
 0001:00003D38 00000020 C=CODE     S=.text    G=(none)   M=Vcl.Imaging.pngimage ALIGN=4
 0001:00003D58 00000020 C=CODE     S=.text    G=(none)   M=System.WideStrings ALIGN=4
 0001:00003D78 00000020 C=CODE     S=.text    G=(none)   M=CSIdException ALIGN=4
 0001:00003D98 00000020 C=CODE     S=.text    G=(none)   M=CSIdResourceStrings ALIGN=4
 0001:00003DB8 00000020 C=CODE     S=.text    G=(none)   M=CSIdStreamVCL ALIGN=4
 0001:00003DD8 00000020 C=CODE     S=.text    G=(none)   M=CSIdStream ALIGN=4
 0001:00003DF8 00000020 C=CODE     S=.text    G=(none)   M=CSIdGlobal ALIGN=4
 0001:00003E18 00000020 C=CODE     S=.text    G=(none)   M=CSIdWinsock2 ALIGN=4
 0001:00003E38 00000020 C=CODE     S=.text    G=(none)   M=CSIdWship6 ALIGN=4
 0001:00003E58 00000020 C=CODE     S=.text    G=(none)   M=CSIdStackConsts ALIGN=4
 0001:00003E78 00000020 C=CODE     S=.text    G=(none)   M=CSIdStackBSDBase ALIGN=4
 0001:00003E98 00000020 C=CODE     S=.text    G=(none)   M=CSIdIDN  ALIGN=4
 0001:00003EB8 00000028 C=CODE     S=.text    G=(none)   M=Winapi.IpTypes ALIGN=4
 0001:00003EE0 00000020 C=CODE     S=.text    G=(none)   M=Winapi.IpRtrMib ALIGN=4
 0001:00003F00 00000020 C=CODE     S=.text    G=(none)   M=Winapi.IpHlpApi ALIGN=4
 0001:00003F20 00000018 C=CODE     S=.text    G=(none)   M=CSIdStackWindows ALIGN=4
 0001:00003F38 00000020 C=CODE     S=.text    G=(none)   M=CSIdStack ALIGN=4
 0001:00003F58 00000020 C=CODE     S=.text    G=(none)   M=CSIdExceptionCore ALIGN=4
 0001:00003F78 00000020 C=CODE     S=.text    G=(none)   M=CSIdBaseComponent ALIGN=4
 0001:00003F98 00000020 C=CODE     S=.text    G=(none)   M=CSIdAntiFreezeBase ALIGN=4
 0001:00003FB8 00000020 C=CODE     S=.text    G=(none)   M=CSIdResourceStringsCore ALIGN=4
 0001:00003FD8 00000020 C=CODE     S=.text    G=(none)   M=CSIdBuffer ALIGN=4
 0001:00003FF8 00000020 C=CODE     S=.text    G=(none)   M=CSIdComponent ALIGN=4
 0001:00004018 00000020 C=CODE     S=.text    G=(none)   M=CSIdIntercept ALIGN=4
 0001:00004038 00000020 C=CODE     S=.text    G=(none)   M=CSIdIOHandler ALIGN=4
 0001:00004058 00000020 C=CODE     S=.text    G=(none)   M=CSIdSocketHandle ALIGN=4
 0001:00004078 00000020 C=CODE     S=.text    G=(none)   M=CSIdCustomTransparentProxy ALIGN=4
 0001:00004098 00000020 C=CODE     S=.text    G=(none)   M=CSIdAssignedNumbers ALIGN=4
 0001:000040B8 00000020 C=CODE     S=.text    G=(none)   M=CSIdIPAddress ALIGN=4
 0001:000040D8 00000020 C=CODE     S=.text    G=(none)   M=CSIdIOHandlerStack ALIGN=4
 0001:000040F8 00000020 C=CODE     S=.text    G=(none)   M=CSIdSocks ALIGN=4
 0001:00004118 00000020 C=CODE     S=.text    G=(none)   M=CSIdIOHandlerSocket ALIGN=4
 0001:00004138 00000020 C=CODE     S=.text    G=(none)   M=CSIdReply ALIGN=4
 0001:00004158 00000020 C=CODE     S=.text    G=(none)   M=CSIdReplyRFC ALIGN=4
 0001:00004178 00000020 C=CODE     S=.text    G=(none)   M=CSIdTCPConnection ALIGN=4
 0001:00004198 00000020 C=CODE     S=.text    G=(none)   M=CSIdTCPClient ALIGN=4
 0001:000041B8 00000020 C=CODE     S=.text    G=(none)   M=CodeSitePlatform ALIGN=4
 0001:000041D8 00000020 C=CODE     S=.text    G=(none)   M=CodeSiteMessage ALIGN=4
 0001:000041F8 00000020 C=CODE     S=.text    G=(none)   M=CodeSiteProfiling ALIGN=4
 0001:00004218 00000030 C=CODE     S=.text    G=(none)   M=CodeSiteLogging ALIGN=4
 0001:00004248 00000020 C=CODE     S=.text    G=(none)   M=sdDebug  ALIGN=4
 0001:00004268 00000020 C=CODE     S=.text    G=(none)   M=sdStreams ALIGN=4
 0001:00004288 00000020 C=CODE     S=.text    G=(none)   M=sdStringTable ALIGN=4
 0001:000042A8 00000020 C=CODE     S=.text    G=(none)   M=NativeXml ALIGN=4
 0001:000042C8 00000020 C=CODE     S=.text    G=(none)   M=System.VarCmplx ALIGN=4
 0001:000042E8 00000020 C=CODE     S=.text    G=(none)   M=System.ConvUtils ALIGN=4
 0001:00004308 00000020 C=CODE     S=.text    G=(none)   M=System.VarConv ALIGN=4
 0001:00004328 00000020 C=CODE     S=.text    G=(none)   M=DispWrap ALIGN=4
 0001:00004348 00000020 C=CODE     S=.text    G=(none)   M=CfgVnt   ALIGN=4
 0001:00004368 00000028 C=CODE     S=.text    G=(none)   M=System.RegularExpressionsAPI ALIGN=4
 0001:00004390 00000018 C=CODE     S=.text    G=(none)   M=System.RegularExpressionsConsts ALIGN=4
 0001:000043A8 00000020 C=CODE     S=.text    G=(none)   M=System.RegularExpressionsCore ALIGN=4
 0001:000043C8 00000020 C=CODE     S=.text    G=(none)   M=System.RegularExpressions ALIGN=4
 0001:000043E8 00000020 C=CODE     S=.text    G=(none)   M=SetupAPI ALIGN=4
 0001:00004408 00000028 C=CODE     S=.text    G=(none)   M=Winapi.WinSvc ALIGN=4
 0001:00004430 00000018 C=CODE     S=.text    G=(none)   M=Sockets2010 ALIGN=4
 0001:00004448 00000020 C=CODE     S=.text    G=(none)   M=uDES     ALIGN=4
 0001:00004468 00000028 C=CODE     S=.text    G=(none)   M=Winapi.TlHelp32 ALIGN=4
 0001:00004490 00000058 C=CODE     S=.text    G=(none)   M=fsLib    ALIGN=4
 0001:000044E8 00000738 C=CODE     S=.text    G=(none)   M=uModuleLib ALIGN=4
 0001:00004C20 00000018 C=CODE     S=.text    G=(none)   M=Common.collections ALIGN=4
 0001:00004C38 00000040 C=CODE     S=.text    G=(none)   M=Common.util ALIGN=4
 0001:00004C78 00000020 C=CODE     S=.text    G=(none)   M=EventBus.Consts ALIGN=4
 0001:00004C98 00000020 C=CODE     S=.text    G=(none)   M=EventBus.Event ALIGN=4
 0001:00004CB8 00000040 C=CODE     S=.text    G=(none)   M=EventBus.Helper ALIGN=4
 0001:00004CF8 00000020 C=CODE     S=.text    G=(none)   M=EventBus.Handler ALIGN=4
 0001:00004D18 00000040 C=CODE     S=.text    G=(none)   M=EventBus.Util ALIGN=4
 0001:00004D58 00000020 C=CODE     S=.text    G=(none)   M=EventBus.Log ALIGN=4
 0001:00004D78 00000020 C=CODE     S=.text    G=(none)   M=EventBus.Core ALIGN=4
 0001:00004D98 00000070 C=CODE     S=.text    G=(none)   M=EventBus.Intf ALIGN=4
 0001:00004E08 00000020 C=CODE     S=.text    G=(none)   M=MVCFramework.beans.factory ALIGN=4
 0001:00004E28 00000020 C=CODE     S=.text    G=(none)   M=MVCFramework.context.event ALIGN=4
 0001:00004E48 00000020 C=CODE     S=.text    G=(none)   M=MVCFramework.core.annotation ALIGN=4
 0001:00004E68 00000020 C=CODE     S=.text    G=(none)   M=MVCFramework.servlet ALIGN=4
 0001:00004E88 00000020 C=CODE     S=.text    G=(none)   M=MVCFramework.stereotype ALIGN=4
 0001:00004EA8 00000020 C=CODE     S=.text    G=(none)   M=MVCFramework.web.bind.annotation ALIGN=4
 0001:00004EC8 00000020 C=CODE     S=.text    G=(none)   M=MVCFramework.util ALIGN=4
 0001:00004EE8 00000020 C=CODE     S=.text    G=(none)   M=fsMUI    ALIGN=4
 0001:00004F08 00000020 C=CODE     S=.text    G=(none)   M=fcIntf   ALIGN=4
 0001:00004F28 00000020 C=CODE     S=.text    G=(none)   M=Vcl.Imaging.JConsts ALIGN=4
 0001:00004F48 00000020 C=CODE     S=.text    G=(none)   M=Vcl.Imaging.jpeg ALIGN=4
 0001:00004F68 00000028 C=CODE     S=.text    G=(none)   M=Winapi.MMSystem ALIGN=4
 0001:00004F90 00000018 C=CODE     S=.text    G=(none)   M=Vcl.Imaging.GIFConsts ALIGN=4
 0001:00004FA8 00000020 C=CODE     S=.text    G=(none)   M=Vcl.Imaging.GIFImg ALIGN=4
 0001:00004FC8 00000020 C=CODE     S=.text    G=(none)   M=uAES     ALIGN=4
 0001:00004FE8 00000020 C=CODE     S=.text    G=(none)   M=BmxCardDef ALIGN=4
 0001:00005008 00000020 C=CODE     S=.text    G=(none)   M=sevenzip ALIGN=4
 0001:00005028 00000020 C=CODE     S=.text    G=(none)   M=fsOEM    ALIGN=4
 0001:00005048 00000020 C=CODE     S=.text    G=(none)   M=fsStrs   ALIGN=4
 0001:00005068 00000020 C=CODE     S=.text    G=(none)   M=fsSettings ALIGN=4
 0001:00005088 00000020 C=CODE     S=.text    G=(none)   M=CADTypes ALIGN=4
 0001:000050A8 00000020 C=CODE     S=.text    G=(none)   M=fsConfig ALIGN=4
 0001:000050C8 00000020 C=CODE     S=.text    G=(none)   M=uThreadDict ALIGN=4
 0001:000050E8 00000020 C=CODE     S=.text    G=(none)   M=IpHlpApi0 ALIGN=4
 0001:00005108 00000020 C=CODE     S=.text    G=(none)   M=fsSocket ALIGN=4
 0001:00005128 00000020 C=CODE     S=.text    G=(none)   M=md5      ALIGN=4
 0001:00005148 00000020 C=CODE     S=.text    G=(none)   M=uDHK     ALIGN=4
 0001:00005168 00000070 C=CODE     S=.text    G=(none)   M=fsApplc  ALIGN=4
 0001:000051D8 00000050 C=CODE     S=.text    G=(none)   M=MVCFramework.context.support ALIGN=4
 0001:00005228 00000020 C=CODE     S=.text    G=(none)   M=MVCFramework.json.util ALIGN=4
 0001:00005248 00000050 C=CODE     S=.text    G=(none)   M=MVCFramework.beans.factory.util ALIGN=4
 0001:00005298 000048E0 C=CODE     S=.text    G=(none)   M=uProcess ALIGN=4
 0001:00009B78 000014B8 C=CODE     S=.text    G=(none)   M=uModuleTemplate ALIGN=4
 0001:0000B030 00015EF0 C=CODE     S=.text    G=(none)   M=context.handlers ALIGN=4
 0001:00020F20 000066E0 C=CODE     S=.text    G=(none)   M=uMessageHandler ALIGN=4
 0001:00027600 00000DF0 C=CODE     S=.text    G=(none)   M=uCustomController ALIGN=4
 0001:000283F0 0000EE68 C=CODE     S=.text    G=(none)   M=uMVCLite ALIGN=4
 0001:00037258 00000F34 C=CODE     S=.text    G=(none)   M=uDefaultApp ALIGN=4
 0001:0003818C 00000604 C=CODE     S=.text    G=(none)   M=uJsonConfig ALIGN=4
 0001:00038790 00000894 C=CODE     S=.text    G=(none)   M=uOEMDisp ALIGN=4
 0001:00039024 000019D8 C=CODE     S=.text    G=(none)   M=.ModuleLib ALIGN=4
 0002:00000000 00000178 C=DATA     S=.data    G=DGROUP   M=SysInit  ALIGN=4
 0002:00000178 00000024 C=DATA     S=.data    G=DGROUP   M=Winapi.Windows ALIGN=4
 0002:0000019C 0000000C C=DATA     S=.data    G=DGROUP   M=Winapi.PsAPI ALIGN=4
 0002:000001A8 00000008 C=DATA     S=.data    G=DGROUP   M=Winapi.Messages ALIGN=4
 0002:000001B0 00000008 C=DATA     S=.data    G=DGROUP   M=Winapi.ActiveX ALIGN=4
 0002:000001B8 00000008 C=DATA     S=.data    G=DGROUP   M=StrList  ALIGN=4
 0002:000001C0 00000008 C=DATA     S=.data    G=DGROUP   M=Winapi.WinSock ALIGN=4
 0002:000001C8 00000008 C=DATA     S=.data    G=DGROUP   M=Winapi.CommCtrl ALIGN=4
 0002:000001D0 00000008 C=DATA     S=.data    G=DGROUP   M=Winapi.Qos ALIGN=4
 0002:000001D8 00000008 C=DATA     S=.data    G=DGROUP   M=Winapi.Winsock2 ALIGN=4
 0002:000001E0 00000008 C=DATA     S=.data    G=DGROUP   M=Winapi.IpExport ALIGN=4
 0002:000001E8 00000008 C=DATA     S=.data    G=DGROUP   M=Winapi.ShellAPI ALIGN=4
 0002:000001F0 00000008 C=DATA     S=.data    G=DGROUP   M=Winapi.RegStr ALIGN=4
 0002:000001F8 00000008 C=DATA     S=.data    G=DGROUP   M=Winapi.WinInet ALIGN=4
 0002:00000200 00000008 C=DATA     S=.data    G=DGROUP   M=Winapi.UrlMon ALIGN=4
 0002:00000208 00000008 C=DATA     S=.data    G=DGROUP   M=Winapi.ObjectArray ALIGN=4
 0002:00000210 00000008 C=DATA     S=.data    G=DGROUP   M=Winapi.StructuredQueryCondition ALIGN=4
 0002:00000218 00000008 C=DATA     S=.data    G=DGROUP   M=Winapi.PropSys ALIGN=4
 0002:00000220 00000008 C=DATA     S=.data    G=DGROUP   M=Winapi.ShlObj ALIGN=4
 0002:00000228 00000008 C=DATA     S=.data    G=DGROUP   M=Winapi.KnownFolders ALIGN=4
 0002:00000230 00000008 C=DATA     S=.data    G=DGROUP   M=Winapi.Imm ALIGN=4
 0002:00000238 00000008 C=DATA     S=.data    G=DGROUP   M=Winapi.Dwmapi ALIGN=4
 0002:00000240 00000008 C=DATA     S=.data    G=DGROUP   M=System.Win.Crtl ALIGN=4
 0002:00000248 00000008 C=DATA     S=.data    G=DGROUP   M=Winapi.CommDlg ALIGN=4
 0002:00000250 00000008 C=DATA     S=.data    G=DGROUP   M=Winapi.WinSpool ALIGN=4
 0002:00000258 00000008 C=DATA     S=.data    G=DGROUP   M=Winapi.RichEdit ALIGN=4
 0002:00000260 00000008 C=DATA     S=.data    G=DGROUP   M=Winapi.Dlgs ALIGN=4
 0002:00000268 00000008 C=DATA     S=.data    G=DGROUP   M=Winapi.ShellScaling ALIGN=4
 0002:00000270 00000008 C=DATA     S=.data    G=DGROUP   M=Winapi.TpcShrd ALIGN=4
 0002:00000278 00000028 C=DATA     S=.data    G=DGROUP   M=Winapi.MsCTF ALIGN=4
 0002:000002A0 00000008 C=DATA     S=.data    G=DGROUP   M=Winapi.MsInkAut ALIGN=4
 0002:000002A8 00000008 C=DATA     S=.data    G=DGROUP   M=Winapi.PenInputPanel ALIGN=4
 0002:000002B0 00000008 C=DATA     S=.data    G=DGROUP   M=Winapi.IpTypes ALIGN=4
 0002:000002B8 00000008 C=DATA     S=.data    G=DGROUP   M=Winapi.IpRtrMib ALIGN=4
 0002:000002C0 00000008 C=DATA     S=.data    G=DGROUP   M=Winapi.IpHlpApi ALIGN=4
 0002:000002C8 00000008 C=DATA     S=.data    G=DGROUP   M=System.RegularExpressionsAPI ALIGN=4
 0002:000002D0 00000008 C=DATA     S=.data    G=DGROUP   M=Winapi.WinSvc ALIGN=4
 0002:000002D8 00000008 C=DATA     S=.data    G=DGROUP   M=Winapi.TlHelp32 ALIGN=4
 0002:000002E0 00000008 C=DATA     S=.data    G=DGROUP   M=uModuleLib ALIGN=4
 0002:000002E8 00000008 C=DATA     S=.data    G=DGROUP   M=Winapi.MMSystem ALIGN=4
 0002:000002F0 00000794 C=DATA     S=.data    G=DGROUP   M=uProcess ALIGN=4
 0002:00000A84 000001AC C=DATA     S=.data    G=DGROUP   M=uModuleTemplate ALIGN=4
 0002:00000C30 00002114 C=DATA     S=.data    G=DGROUP   M=context.handlers ALIGN=4
 0002:00002D44 00000B70 C=DATA     S=.data    G=DGROUP   M=uMessageHandler ALIGN=4
 0002:000038B4 00000104 C=DATA     S=.data    G=DGROUP   M=uCustomController ALIGN=4
 0002:000039B8 000018E8 C=DATA     S=.data    G=DGROUP   M=uMVCLite ALIGN=4
 0002:000052A0 00000124 C=DATA     S=.data    G=DGROUP   M=uDefaultApp ALIGN=4
 0002:000053C4 0000010C C=DATA     S=.data    G=DGROUP   M=uJsonConfig ALIGN=4
 0002:000054D0 000000AC C=DATA     S=.data    G=DGROUP   M=uOEMDisp ALIGN=4
 0003:00000000 00000050 C=BSS      S=.bss     G=DGROUP   M=SysInit  ALIGN=4
 0003:00000050 00000010 C=BSS      S=.bss     G=DGROUP   M=Winapi.Windows ALIGN=4
 0003:00000060 00000010 C=BSS      S=.bss     G=DGROUP   M=Winapi.PsAPI ALIGN=4
 0003:00000070 00000004 C=BSS      S=.bss     G=DGROUP   M=Winapi.Messages ALIGN=4
 0003:00000074 00000004 C=BSS      S=.bss     G=DGROUP   M=Winapi.ActiveX ALIGN=4
 0003:00000078 00000004 C=BSS      S=.bss     G=DGROUP   M=StrList  ALIGN=4
 0003:0000007C 00000004 C=BSS      S=.bss     G=DGROUP   M=Winapi.WinSock ALIGN=4
 0003:00000080 00000004 C=BSS      S=.bss     G=DGROUP   M=Winapi.CommCtrl ALIGN=4
 0003:00000084 00000004 C=BSS      S=.bss     G=DGROUP   M=Winapi.Qos ALIGN=4
 0003:00000088 00000004 C=BSS      S=.bss     G=DGROUP   M=Winapi.Winsock2 ALIGN=4
 0003:0000008C 00000004 C=BSS      S=.bss     G=DGROUP   M=Winapi.IpExport ALIGN=4
 0003:00000090 00000004 C=BSS      S=.bss     G=DGROUP   M=Winapi.ShellAPI ALIGN=4
 0003:00000094 00000004 C=BSS      S=.bss     G=DGROUP   M=Winapi.RegStr ALIGN=4
 0003:00000098 00000004 C=BSS      S=.bss     G=DGROUP   M=Winapi.WinInet ALIGN=4
 0003:0000009C 00000004 C=BSS      S=.bss     G=DGROUP   M=Winapi.UrlMon ALIGN=4
 0003:000000A0 00000004 C=BSS      S=.bss     G=DGROUP   M=Winapi.ObjectArray ALIGN=4
 0003:000000A4 00000004 C=BSS      S=.bss     G=DGROUP   M=Winapi.StructuredQueryCondition ALIGN=4
 0003:000000A8 00000004 C=BSS      S=.bss     G=DGROUP   M=Winapi.PropSys ALIGN=4
 0003:000000AC 00000004 C=BSS      S=.bss     G=DGROUP   M=Winapi.ShlObj ALIGN=4
 0003:000000B0 00000004 C=BSS      S=.bss     G=DGROUP   M=Winapi.KnownFolders ALIGN=4
 0003:000000B4 00000004 C=BSS      S=.bss     G=DGROUP   M=Winapi.Imm ALIGN=4
 0003:000000B8 00000004 C=BSS      S=.bss     G=DGROUP   M=Winapi.Dwmapi ALIGN=4
 0003:000000BC 00000004 C=BSS      S=.bss     G=DGROUP   M=System.Win.Crtl ALIGN=4
 0003:000000C0 00000004 C=BSS      S=.bss     G=DGROUP   M=Winapi.CommDlg ALIGN=4
 0003:000000C4 00000004 C=BSS      S=.bss     G=DGROUP   M=Winapi.WinSpool ALIGN=4
 0003:000000C8 00000004 C=BSS      S=.bss     G=DGROUP   M=Winapi.RichEdit ALIGN=4
 0003:000000CC 00000004 C=BSS      S=.bss     G=DGROUP   M=Winapi.Dlgs ALIGN=4
 0003:000000D0 00000004 C=BSS      S=.bss     G=DGROUP   M=Winapi.ShellScaling ALIGN=4
 0003:000000D4 00000004 C=BSS      S=.bss     G=DGROUP   M=Winapi.TpcShrd ALIGN=4
 0003:000000D8 00000004 C=BSS      S=.bss     G=DGROUP   M=Winapi.MsCTF ALIGN=4
 0003:000000DC 00000004 C=BSS      S=.bss     G=DGROUP   M=Winapi.MsInkAut ALIGN=4
 0003:000000E0 00000004 C=BSS      S=.bss     G=DGROUP   M=Winapi.PenInputPanel ALIGN=4
 0003:000000E4 00000004 C=BSS      S=.bss     G=DGROUP   M=Winapi.IpTypes ALIGN=4
 0003:000000E8 00000004 C=BSS      S=.bss     G=DGROUP   M=Winapi.IpRtrMib ALIGN=4
 0003:000000EC 00000004 C=BSS      S=.bss     G=DGROUP   M=Winapi.IpHlpApi ALIGN=4
 0003:000000F0 00000004 C=BSS      S=.bss     G=DGROUP   M=System.RegularExpressionsAPI ALIGN=4
 0003:000000F4 00000004 C=BSS      S=.bss     G=DGROUP   M=Winapi.WinSvc ALIGN=4
 0003:000000F8 00000004 C=BSS      S=.bss     G=DGROUP   M=Winapi.TlHelp32 ALIGN=4
 0003:000000FC 00000004 C=BSS      S=.bss     G=DGROUP   M=uModuleLib ALIGN=4
 0003:00000100 00000004 C=BSS      S=.bss     G=DGROUP   M=Winapi.MMSystem ALIGN=4
 0003:00000104 00000004 C=BSS      S=.bss     G=DGROUP   M=uProcess ALIGN=4
 0003:00000108 00000004 C=BSS      S=.bss     G=DGROUP   M=uModuleTemplate ALIGN=4
 0003:0000010C 00000004 C=BSS      S=.bss     G=DGROUP   M=context.handlers ALIGN=4
 0003:00000110 00000004 C=BSS      S=.bss     G=DGROUP   M=uMessageHandler ALIGN=4
 0003:00000114 00000004 C=BSS      S=.bss     G=DGROUP   M=uCustomController ALIGN=4
 0003:00000118 00000004 C=BSS      S=.bss     G=DGROUP   M=uMVCLite ALIGN=4
 0003:0000011C 00000004 C=BSS      S=.bss     G=DGROUP   M=uDefaultApp ALIGN=4
 0003:00000120 00000004 C=BSS      S=.bss     G=DGROUP   M=uJsonConfig ALIGN=4
 0003:00000124 00000010 C=BSS      S=.bss     G=DGROUP   M=uOEMDisp ALIGN=4
 0005:00000000 000000FC C=PDATA    S=.pdata   G=(none)   M=SysInit  ALIGN=4
 0005:000000FC 00000024 C=PDATA    S=.pdata   G=(none)   M=Winapi.Windows ALIGN=4
 0005:00000120 00000018 C=PDATA    S=.pdata   G=(none)   M=Winapi.PsAPI ALIGN=4
 0005:00000138 00000018 C=PDATA    S=.pdata   G=(none)   M=Winapi.Messages ALIGN=4
 0005:00000150 00000018 C=PDATA    S=.pdata   G=(none)   M=Winapi.ActiveX ALIGN=4
 0005:00000168 00000018 C=PDATA    S=.pdata   G=(none)   M=StrList  ALIGN=4
 0005:00000180 00000018 C=PDATA    S=.pdata   G=(none)   M=Winapi.WinSock ALIGN=4
 0005:00000198 00000018 C=PDATA    S=.pdata   G=(none)   M=Winapi.CommCtrl ALIGN=4
 0005:000001B0 00000018 C=PDATA    S=.pdata   G=(none)   M=Winapi.Qos ALIGN=4
 0005:000001C8 00000018 C=PDATA    S=.pdata   G=(none)   M=Winapi.Winsock2 ALIGN=4
 0005:000001E0 00000018 C=PDATA    S=.pdata   G=(none)   M=Winapi.IpExport ALIGN=4
 0005:000001F8 00000018 C=PDATA    S=.pdata   G=(none)   M=Winapi.ShellAPI ALIGN=4
 0005:00000210 00000018 C=PDATA    S=.pdata   G=(none)   M=Winapi.RegStr ALIGN=4
 0005:00000228 00000018 C=PDATA    S=.pdata   G=(none)   M=Winapi.WinInet ALIGN=4
 0005:00000240 00000018 C=PDATA    S=.pdata   G=(none)   M=Winapi.UrlMon ALIGN=4
 0005:00000258 00000018 C=PDATA    S=.pdata   G=(none)   M=Winapi.ObjectArray ALIGN=4
 0005:00000270 00000018 C=PDATA    S=.pdata   G=(none)   M=Winapi.StructuredQueryCondition ALIGN=4
 0005:00000288 00000018 C=PDATA    S=.pdata   G=(none)   M=Winapi.PropSys ALIGN=4
 0005:000002A0 00000018 C=PDATA    S=.pdata   G=(none)   M=Winapi.ShlObj ALIGN=4
 0005:000002B8 00000018 C=PDATA    S=.pdata   G=(none)   M=Winapi.KnownFolders ALIGN=4
 0005:000002D0 00000018 C=PDATA    S=.pdata   G=(none)   M=Winapi.Imm ALIGN=4
 0005:000002E8 00000018 C=PDATA    S=.pdata   G=(none)   M=Winapi.Dwmapi ALIGN=4
 0005:00000300 00000018 C=PDATA    S=.pdata   G=(none)   M=System.Win.Crtl ALIGN=4
 0005:00000318 00000018 C=PDATA    S=.pdata   G=(none)   M=Winapi.CommDlg ALIGN=4
 0005:00000330 00000018 C=PDATA    S=.pdata   G=(none)   M=Winapi.WinSpool ALIGN=4
 0005:00000348 00000018 C=PDATA    S=.pdata   G=(none)   M=Winapi.RichEdit ALIGN=4
 0005:00000360 00000018 C=PDATA    S=.pdata   G=(none)   M=Winapi.Dlgs ALIGN=4
 0005:00000378 00000018 C=PDATA    S=.pdata   G=(none)   M=Winapi.ShellScaling ALIGN=4
 0005:00000390 00000018 C=PDATA    S=.pdata   G=(none)   M=Winapi.TpcShrd ALIGN=4
 0005:000003A8 00000030 C=PDATA    S=.pdata   G=(none)   M=Winapi.MsCTF ALIGN=4
 0005:000003D8 00000018 C=PDATA    S=.pdata   G=(none)   M=Winapi.MsInkAut ALIGN=4
 0005:000003F0 00000018 C=PDATA    S=.pdata   G=(none)   M=Winapi.PenInputPanel ALIGN=4
 0005:00000408 00000018 C=PDATA    S=.pdata   G=(none)   M=Winapi.IpTypes ALIGN=4
 0005:00000420 00000018 C=PDATA    S=.pdata   G=(none)   M=Winapi.IpRtrMib ALIGN=4
 0005:00000438 00000018 C=PDATA    S=.pdata   G=(none)   M=Winapi.IpHlpApi ALIGN=4
 0005:00000450 00000018 C=PDATA    S=.pdata   G=(none)   M=System.RegularExpressionsAPI ALIGN=4
 0005:00000468 00000018 C=PDATA    S=.pdata   G=(none)   M=Winapi.WinSvc ALIGN=4
 0005:00000480 00000018 C=PDATA    S=.pdata   G=(none)   M=Winapi.TlHelp32 ALIGN=4
 0005:00000498 00000018 C=PDATA    S=.pdata   G=(none)   M=uModuleLib ALIGN=4
 0005:000004B0 00000018 C=PDATA    S=.pdata   G=(none)   M=Winapi.MMSystem ALIGN=4
 0005:000004C8 00000564 C=PDATA    S=.pdata   G=(none)   M=uProcess ALIGN=4
 0005:00000A2C 00000114 C=PDATA    S=.pdata   G=(none)   M=uModuleTemplate ALIGN=4
 0005:00000B40 00001698 C=PDATA    S=.pdata   G=(none)   M=context.handlers ALIGN=4
 0005:000021D8 000006E4 C=PDATA    S=.pdata   G=(none)   M=uMessageHandler ALIGN=4
 0005:000028BC 000000E4 C=PDATA    S=.pdata   G=(none)   M=uCustomController ALIGN=4
 0005:000029A0 0000105C C=PDATA    S=.pdata   G=(none)   M=uMVCLite ALIGN=4
 0005:000039FC 000000CC C=PDATA    S=.pdata   G=(none)   M=uDefaultApp ALIGN=4
 0005:00003AC8 00000090 C=PDATA    S=.pdata   G=(none)   M=uJsonConfig ALIGN=4
 0005:00003B58 00000090 C=PDATA    S=.pdata   G=(none)   M=uOEMDisp ALIGN=4


  Address             Publics by Name

 0001:00039030       .ModuleLib..ModuleLib
 0001:0003A9D0       .ModuleLib.@GetPackageInfoTable
 0001:0003A9E0       .ModuleLib.@PackageLoad
 0001:0003A9F0       .ModuleLib.@PackageUnload
 0001:00005000       BmxCardDef.BmxCardDef
 0001:00004FF0       BmxCardDef.Finalization
 0001:000050A0       CADTypes.CADTypes
 0001:00005090       CADTypes.Finalization
 0001:00004360       CfgVnt.CfgVnt
 0001:00004350       CfgVnt.Finalization
 0001:00004240       CodeSiteLogging.CodeSiteLogging
 0001:00004230       CodeSiteLogging.Finalization
 0001:00004220       CodeSiteLogging.TCodeSiteLogger.TraceMethod
 0001:000041F0       CodeSiteMessage.CodeSiteMessage
 0001:000041E0       CodeSiteMessage.Finalization
 0001:000041D0       CodeSitePlatform.CodeSitePlatform
 0001:000041C0       CodeSitePlatform.Finalization
 0001:00004210       CodeSiteProfiling.CodeSiteProfiling
 0001:00004200       CodeSiteProfiling.Finalization
 0001:00004C30       Common.collections.Common.collections
 0001:00004C20       Common.collections.Finalization
 0001:00004C70       Common.util.Common.util
 0001:00004C60       Common.util.Finalization
 0001:00004C40       Common.util.TRttiUtils.Create@
 0001:00004C50       Common.util.TRttiUtils.Destroy@
 0005:00001BD8       context.handlers.$pdata$_ZN5Fslib8TFifo__1IPN7Context8Handlers23TContextRequestWithProcEE11TEnumerator10DoMoveNextEv
 0005:00001BC0       context.handlers.$pdata$_ZN5Fslib8TFifo__1IPN7Context8Handlers23TContextRequestWithProcEE11TEnumerator10GetCurrentEv
 0005:00001BCC       context.handlers.$pdata$_ZN5Fslib8TFifo__1IPN7Context8Handlers23TContextRequestWithProcEE11TEnumerator12DoGetCurrentEv
 0005:00001BE4       context.handlers.$pdata$_ZN5Fslib8TFifo__1IPN7Context8Handlers23TContextRequestWithProcEE11TEnumerator8MoveNextEv
 0005:00001AF4       context.handlers.$pdata$_ZN5Fslib8TFifo__1IPN7Context8Handlers23TContextRequestWithProcEE12NotifyDeleteES4_
 0005:00001BB4       context.handlers.$pdata$_ZN5Fslib8TFifo__1IPN7Context8Handlers23TContextRequestWithProcEE13GetEnumeratorEv
 0005:00001AE8       context.handlers.$pdata$_ZN5Fslib8TFifo__1IPN7Context8Handlers23TContextRequestWithProcEE15DoGetEnumeratorEv
 0005:00001B84       context.handlers.$pdata$_ZN5Fslib8TFifo__1IPN7Context8Handlers23TContextRequestWithProcEE3PopERS4_
 0005:00001B9C       context.handlers.$pdata$_ZN5Fslib8TFifo__1IPN7Context8Handlers23TContextRequestWithProcEE4PeekERS4_
 0005:00001B6C       context.handlers.$pdata$_ZN5Fslib8TFifo__1IPN7Context8Handlers23TContextRequestWithProcEE4PushES4_
 0005:00001B3C       context.handlers.$pdata$_ZN5Fslib8TFifo__1IPN7Context8Handlers23TContextRequestWithProcEE5ClearEb
 0005:00001B24       context.handlers.$pdata$_ZN5Fslib8TFifo__1IPN7Context8Handlers23TContextRequestWithProcEE5ClearEv
 0005:00001B54       context.handlers.$pdata$_ZN5Fslib8TFifo__1IPN7Context8Handlers23TContextRequestWithProcEE5EmptyEv
 0005:00001B48       context.handlers.$pdata$_ZN5Fslib8TFifo__1IPN7Context8Handlers23TContextRequestWithProcEE7DequeueERS4_
 0005:00001B60       context.handlers.$pdata$_ZN5Fslib8TFifo__1IPN7Context8Handlers23TContextRequestWithProcEE7EnqueueES4_
 0005:00001B00       context.handlers.$pdata$_ZN5Fslib8TFifo__1IPN7Context8Handlers23TContextRequestWithProcEEC3Ev
 0005:00001B18       context.handlers.$pdata$_ZN5Fslib8TFifo__1IPN7Context8Handlers23TContextRequestWithProcEED0Ev
 0005:000015F0       context.handlers.$pdata$_ZN6System8Generics11Collections14TEnumerable__1IN7Strlist14TStringList__1INS_15DelphiInterfaceIN10Umodulelib22IContextRequestHandlerEEEE11TStringItemEE11ToArrayImplEi
 0005:00001620       context.handlers.$pdata$_ZN6System8Generics11Collections14TEnumerable__1IN7Strlist14TStringList__1INS_15DelphiInterfaceIN10Umodulelib22IContextRequestHandlerEEEE11TStringItemEE13GetEnumeratorEv
 0005:0000162C       context.handlers.$pdata$_ZN6System8Generics11Collections14TEnumerable__1IN7Strlist14TStringList__1INS_15DelphiInterfaceIN10Umodulelib22IContextRequestHandlerEEEE11TStringItemEE7ToArrayEv
 0005:00001614       context.handlers.$pdata$_ZN6System8Generics11Collections14TEnumerable__1IN7Strlist14TStringList__1INS_15DelphiInterfaceIN10Umodulelib22IContextRequestHandlerEEEE11TStringItemEED0Ev
 0005:0000102C       context.handlers.$pdata$_ZN6System8Generics11Collections14TEnumerable__1IN7Strlist14TStringList__1IU9__closurePFvNS_15DelphiInterfaceIN10Umodulelib15IRequestContextEEEEE11TStringItemEE11ToArrayImplEi
 0005:0000105C       context.handlers.$pdata$_ZN6System8Generics11Collections14TEnumerable__1IN7Strlist14TStringList__1IU9__closurePFvNS_15DelphiInterfaceIN10Umodulelib15IRequestContextEEEEE11TStringItemEE13GetEnumeratorEv
 0005:00001068       context.handlers.$pdata$_ZN6System8Generics11Collections14TEnumerable__1IN7Strlist14TStringList__1IU9__closurePFvNS_15DelphiInterfaceIN10Umodulelib15IRequestContextEEEEE11TStringItemEE7ToArrayEv
 0005:00001050       context.handlers.$pdata$_ZN6System8Generics11Collections14TEnumerable__1IN7Strlist14TStringList__1IU9__closurePFvNS_15DelphiInterfaceIN10Umodulelib15IRequestContextEEEEE11TStringItemEED0Ev
 0005:00001A94       context.handlers.$pdata$_ZN6System8Generics11Collections14TEnumerable__1IPN7Context8Handlers23TContextRequestWithProcEE11ToArrayImplEi
 0005:00001AB8       context.handlers.$pdata$_ZN6System8Generics11Collections14TEnumerable__1IPN7Context8Handlers23TContextRequestWithProcEE13GetEnumeratorEv
 0005:00001AC4       context.handlers.$pdata$_ZN6System8Generics11Collections14TEnumerable__1IPN7Context8Handlers23TContextRequestWithProcEE7ToArrayEv
 0005:00001AAC       context.handlers.$pdata$_ZN6System8Generics11Collections14TEnumerable__1IPN7Context8Handlers23TContextRequestWithProcEED0Ev
 0005:00001BF0       context.handlers.$pdata$_ZN6System8Generics11Collections14TEnumerable__1IPNS_7TObjectEE11ToArrayImplEi
 0005:00001C14       context.handlers.$pdata$_ZN6System8Generics11Collections14TEnumerable__1IPNS_7TObjectEE13GetEnumeratorEv
 0005:00001C20       context.handlers.$pdata$_ZN6System8Generics11Collections14TEnumerable__1IPNS_7TObjectEE7ToArrayEv
 0005:00001C08       context.handlers.$pdata$_ZN6System8Generics11Collections14TEnumerable__1IPNS_7TObjectEED0Ev
 0005:00001650       context.handlers.$pdata$_ZN6System8Generics11Collections14TEnumerator__1IN7Strlist14TStringList__1INS_15DelphiInterfaceIN10Umodulelib22IContextRequestHandlerEEEE11TStringItemEE8MoveNextEv
 0005:0000108C       context.handlers.$pdata$_ZN6System8Generics11Collections14TEnumerator__1IN7Strlist14TStringList__1IU9__closurePFvNS_15DelphiInterfaceIN10Umodulelib15IRequestContextEEEEE11TStringItemEE8MoveNextEv
 0005:00001ADC       context.handlers.$pdata$_ZN6System8Generics11Collections14TEnumerator__1IPN7Context8Handlers23TContextRequestWithProcEE8MoveNextEv
 0005:00001C38       context.handlers.$pdata$_ZN6System8Generics11Collections14TEnumerator__1IPNS_7TObjectEE8MoveNextEv
 0005:00001FF8       context.handlers.$pdata$_ZN6System8Generics11Collections14TObjectList__1IPNS_7TObjectEE6NotifyES4_NS1_23TCollectionNotificationE
 0005:0000201C       context.handlers.$pdata$_ZN6System8Generics11Collections14TObjectList__1IPNS_7TObjectEEC3Eb
 0005:00002034       context.handlers.$pdata$_ZN6System8Generics11Collections14TObjectList__1IPNS_7TObjectEEC3ENS_15DelphiInterfaceINS0_8Defaults12IComparer__1IS4_EEEEb
 0005:0000204C       context.handlers.$pdata$_ZN6System8Generics11Collections14TObjectList__1IPNS_7TObjectEEC3EPNS1_14TEnumerable__1IS4_EEb
 0005:00002004       context.handlers.$pdata$_ZN6System8Generics11Collections14TObjectList__1IPNS_7TObjectEEC3Ev
 0005:00002064       context.handlers.$pdata$_ZN6System8Generics11Collections14TObjectList__1IPNS_7TObjectEED0Ev
 0005:00002130       context.handlers.$pdata$_ZN6System8Generics11Collections24@TList__1_Pack_0__ActRecIN7Strlist14TStringList__1INS_15DelphiInterfaceIN10Umodulelib22IContextRequestHandlerEEEE11TStringItemEE7_0_BodyEPKv
 0005:000020B8       context.handlers.$pdata$_ZN6System8Generics11Collections24@TList__1_Pack_0__ActRecIN7Strlist14TStringList__1IU9__closurePFvNS_15DelphiInterfaceIN10Umodulelib15IRequestContextEEEEE11TStringItemEE7_0_BodyEPKv
 0005:00002178       context.handlers.$pdata$_ZN6System8Generics11Collections24@TList__1_Pack_0__ActRecIPNS_7TObjectEE7_0_BodyEPKv
 0005:00002118       context.handlers.$pdata$_ZN6System8Generics11Collections24@TList__1_Pack_1__ActRecIN7Strlist14TStringList__1INS_15DelphiInterfaceIN10Umodulelib22IContextRequestHandlerEEEE11TStringItemEE7_0_BodyEPKv
 0005:000020A0       context.handlers.$pdata$_ZN6System8Generics11Collections24@TList__1_Pack_1__ActRecIN7Strlist14TStringList__1IU9__closurePFvNS_15DelphiInterfaceIN10Umodulelib15IRequestContextEEEEE11TStringItemEE7_0_BodyEPKv
 0005:0000216C       context.handlers.$pdata$_ZN6System8Generics11Collections24@TList__1_Pack_1__ActRecIPNS_7TObjectEE7_0_BodyEPKv
 0005:00002154       context.handlers.$pdata$_ZN6System8Generics11Collections6TArray12BinarySearchIN7Strlist14TStringList__1INS_15DelphiInterfaceIN10Umodulelib22IContextRequestHandlerEEEE11TStringItemEEEbPKT_iSD_RiNS6_INS0_8Defaults12IComparer__1ISD_EEEEii
 0005:000020DC       context.handlers.$pdata$_ZN6System8Generics11Collections6TArray12BinarySearchIN7Strlist14TStringList__1IU9__closurePFvNS_15DelphiInterfaceIN10Umodulelib15IRequestContextEEEEE11TStringItemEEEbPKT_iSG_RiNS6_INS0_8Defaults12IComparer__1ISG_EEEEii
 0005:00002190       context.handlers.$pdata$_ZN6System8Generics11Collections6TArray12BinarySearchIPNS_7TObjectEEEbPKT_iS7_RiNS_15DelphiInterfaceINS0_8Defaults12IComparer__1IS7_EEEEii
 0005:00002148       context.handlers.$pdata$_ZN6System8Generics11Collections6TArray4SortIN7Strlist14TStringList__1INS_15DelphiInterfaceIN10Umodulelib22IContextRequestHandlerEEEE11TStringItemEEEvPT_iNS6_INS0_8Defaults12IComparer__1ISD_EEEEii
 0005:000020D0       context.handlers.$pdata$_ZN6System8Generics11Collections6TArray4SortIN7Strlist14TStringList__1IU9__closurePFvNS_15DelphiInterfaceIN10Umodulelib15IRequestContextEEEEE11TStringItemEEEvPT_iNS6_INS0_8Defaults12IComparer__1ISG_EEEEii
 0005:00002184       context.handlers.$pdata$_ZN6System8Generics11Collections6TArray4SortIPNS_7TObjectEEEvPT_iNS_15DelphiInterfaceINS0_8Defaults12IComparer__1IS7_EEEEii
 0005:000021B4       context.handlers.$pdata$_ZN6System8Generics11Collections6TArray9QuickSortIN7Strlist14TStringList__1INS_15DelphiInterfaceIN10Umodulelib22IContextRequestHandlerEEEE11TStringItemEEEvPT_iNS6_INS0_8Defaults12IComparer__1ISD_EEEEii
 0005:0000219C       context.handlers.$pdata$_ZN6System8Generics11Collections6TArray9QuickSortIN7Strlist14TStringList__1IU9__closurePFvNS_15DelphiInterfaceIN10Umodulelib15IRequestContextEEEEE11TStringItemEEEvPT_iNS6_INS0_8Defaults12IComparer__1ISG_EEEEii
 0005:000021CC       context.handlers.$pdata$_ZN6System8Generics11Collections6TArray9QuickSortIPNS_7TObjectEEEvPT_iNS_15DelphiInterfaceINS0_8Defaults12IComparer__1IS7_EEEEii
 0005:0000189C       context.handlers.$pdata$_ZN6System8Generics11Collections8TList__1IN7Strlist14TStringList__1INS_15DelphiInterfaceIN10Umodulelib22IContextRequestHandlerEEEE11TStringItemEE10RemoveItemERKSA_NS_5Types10TDirectionE
 0005:00001A10       context.handlers.$pdata$_ZN6System8Generics11Collections8TList__1IN7Strlist14TStringList__1INS_15DelphiInterfaceIN10Umodulelib22IContextRequestHandlerEEEE11TStringItemEE10TrimExcessEv
 0005:000018B4       context.handlers.$pdata$_ZN6System8Generics11Collections8TList__1IN7Strlist14TStringList__1INS_15DelphiInterfaceIN10Umodulelib22IContextRequestHandlerEEEE11TStringItemEE11DeleteRangeEii
 0005:000018C0       context.handlers.$pdata$_ZN6System8Generics11Collections8TList__1IN7Strlist14TStringList__1INS_15DelphiInterfaceIN10Umodulelib22IContextRequestHandlerEEEE11TStringItemEE11ExtractItemERKSA_NS_5Types10TDirectionE
 0005:0000165C       context.handlers.$pdata$_ZN6System8Generics11Collections8TList__1IN7Strlist14TStringList__1INS_15DelphiInterfaceIN10Umodulelib22IContextRequestHandlerEEEE11TStringItemEE11FListHelperEv
 0005:00001680       context.handlers.$pdata$_ZN6System8Generics11Collections8TList__1IN7Strlist14TStringList__1INS_15DelphiInterfaceIN10Umodulelib22IContextRequestHandlerEEEE11TStringItemEE11GetCapacityEv
 0005:000019A4       context.handlers.$pdata$_ZN6System8Generics11Collections8TList__1IN7Strlist14TStringList__1INS_15DelphiInterfaceIN10Umodulelib22IContextRequestHandlerEEEE11TStringItemEE11IndexOfItemERKSA_NS_5Types10TDirectionE
 0005:00001818       context.handlers.$pdata$_ZN6System8Generics11Collections8TList__1IN7Strlist14TStringList__1INS_15DelphiInterfaceIN10Umodulelib22IContextRequestHandlerEEEE11TStringItemEE11InsertRangeEiNS5_INS_14IEnumerable__1ISA_EEEE
 0005:0000180C       context.handlers.$pdata$_ZN6System8Generics11Collections8TList__1IN7Strlist14TStringList__1INS_15DelphiInterfaceIN10Umodulelib22IContextRequestHandlerEEEE11TStringItemEE11InsertRangeEiPKSA_i
 0005:00001800       context.handlers.$pdata$_ZN6System8Generics11Collections8TList__1IN7Strlist14TStringList__1INS_15DelphiInterfaceIN10Umodulelib22IContextRequestHandlerEEEE11TStringItemEE11InsertRangeEiPKSA_ii
 0005:0000183C       context.handlers.$pdata$_ZN6System8Generics11Collections8TList__1IN7Strlist14TStringList__1INS_15DelphiInterfaceIN10Umodulelib22IContextRequestHandlerEEEE11TStringItemEE11InsertRangeEiPNS1_14TEnumerable__1ISA_EE
 0005:000019B0       context.handlers.$pdata$_ZN6System8Generics11Collections8TList__1IN7Strlist14TStringList__1INS_15DelphiInterfaceIN10Umodulelib22IContextRequestHandlerEEEE11TStringItemEE11LastIndexOfERKSA_
 0005:0000168C       context.handlers.$pdata$_ZN6System8Generics11Collections8TList__1IN7Strlist14TStringList__1INS_15DelphiInterfaceIN10Umodulelib22IContextRequestHandlerEEEE11TStringItemEE11SetCapacityEi
 0005:000016EC       context.handlers.$pdata$_ZN6System8Generics11Collections8TList__1IN7Strlist14TStringList__1INS_15DelphiInterfaceIN10Umodulelib22IContextRequestHandlerEEEE11TStringItemEE11SetOnNotifyEU9__closurePFvPNS_7TObjectERKSA_NS1_23TCollectionNotificationEE
 0005:00001A64       context.handlers.$pdata$_ZN6System8Generics11Collections8TList__1IN7Strlist14TStringList__1INS_15DelphiInterfaceIN10Umodulelib22IContextRequestHandlerEEEE11TStringItemEE11TEnumerator10DoMoveNextEv
 0005:00001A34       context.handlers.$pdata$_ZN6System8Generics11Collections8TList__1IN7Strlist14TStringList__1INS_15DelphiInterfaceIN10Umodulelib22IContextRequestHandlerEEEE11TStringItemEE11TEnumerator10GetCurrentEv
 0005:00001A40       context.handlers.$pdata$_ZN6System8Generics11Collections8TList__1IN7Strlist14TStringList__1INS_15DelphiInterfaceIN10Umodulelib22IContextRequestHandlerEEEE11TStringItemEE11TEnumerator12DoGetCurrentEv
 0005:00001A88       context.handlers.$pdata$_ZN6System8Generics11Collections8TList__1IN7Strlist14TStringList__1INS_15DelphiInterfaceIN10Umodulelib22IContextRequestHandlerEEEE11TStringItemEE11TEnumerator8MoveNextEv
 0005:00001A70       context.handlers.$pdata$_ZN6System8Generics11Collections8TList__1IN7Strlist14TStringList__1INS_15DelphiInterfaceIN10Umodulelib22IContextRequestHandlerEEEE11TStringItemEE11TEnumeratorC3EPSB_
 0005:000019EC       context.handlers.$pdata$_ZN6System8Generics11Collections8TList__1IN7Strlist14TStringList__1INS_15DelphiInterfaceIN10Umodulelib22IContextRequestHandlerEEEE11TStringItemEE12BinarySearchERKSA_Ri
 0005:000019F8       context.handlers.$pdata$_ZN6System8Generics11Collections8TList__1IN7Strlist14TStringList__1INS_15DelphiInterfaceIN10Umodulelib22IContextRequestHandlerEEEE11TStringItemEE12BinarySearchERKSA_RiNS5_INS0_8Defaults12IComparer__1ISA_EEEE
 0005:00001A04       context.handlers.$pdata$_ZN6System8Generics11Collections8TList__1IN7Strlist14TStringList__1INS_15DelphiInterfaceIN10Umodulelib22IContextRequestHandlerEEEE11TStringItemEE12BinarySearchERKSA_RiNS5_INS0_8Defaults12IComparer__1ISA_EEEEii
 0005:000016E0       context.handlers.$pdata$_ZN6System8Generics11Collections8TList__1IN7Strlist14TStringList__1INS_15DelphiInterfaceIN10Umodulelib22IContextRequestHandlerEEEE11TStringItemEE12UpdateNotifyEv
 0005:00001A28       context.handlers.$pdata$_ZN6System8Generics11Collections8TList__1IN7Strlist14TStringList__1INS_15DelphiInterfaceIN10Umodulelib22IContextRequestHandlerEEEE11TStringItemEE13GetEnumeratorEv
 0005:000016D4       context.handlers.$pdata$_ZN6System8Generics11Collections8TList__1IN7Strlist14TStringList__1INS_15DelphiInterfaceIN10Umodulelib22IContextRequestHandlerEEEE11TStringItemEE14InternalNotifyEPKvNS1_23TCollectionNotificationE
 0005:00001704       context.handlers.$pdata$_ZN6System8Generics11Collections8TList__1IN7Strlist14TStringList__1INS_15DelphiInterfaceIN10Umodulelib22IContextRequestHandlerEEEE11TStringItemEE14UpdateComparerENS5_INS0_8Defaults12IComparer__1ISA_EEEE
 0005:0000171C       context.handlers.$pdata$_ZN6System8Generics11Collections8TList__1IN7Strlist14TStringList__1INS_15DelphiInterfaceIN10Umodulelib22IContextRequestHandlerEEEE11TStringItemEE15DoGetEnumeratorEv
 0005:000016F8       context.handlers.$pdata$_ZN6System8Generics11Collections8TList__1IN7Strlist14TStringList__1INS_15DelphiInterfaceIN10Umodulelib22IContextRequestHandlerEEEE11TStringItemEE15InternalCompareEPKvSD_
 0005:000017C4       context.handlers.$pdata$_ZN6System8Generics11Collections8TList__1IN7Strlist14TStringList__1INS_15DelphiInterfaceIN10Umodulelib22IContextRequestHandlerEEEE11TStringItemEE3AddERKSA_
 0005:00001950       context.handlers.$pdata$_ZN6System8Generics11Collections8TList__1IN7Strlist14TStringList__1INS_15DelphiInterfaceIN10Umodulelib22IContextRequestHandlerEEEE11TStringItemEE4LastEv
 0005:00001920       context.handlers.$pdata$_ZN6System8Generics11Collections8TList__1IN7Strlist14TStringList__1INS_15DelphiInterfaceIN10Umodulelib22IContextRequestHandlerEEEE11TStringItemEE4MoveEii
 0005:00001878       context.handlers.$pdata$_ZN6System8Generics11Collections8TList__1IN7Strlist14TStringList__1INS_15DelphiInterfaceIN10Umodulelib22IContextRequestHandlerEEEE11TStringItemEE4PackENS5_INSB_10TEmptyFuncEEE
 0005:00001860       context.handlers.$pdata$_ZN6System8Generics11Collections8TList__1IN7Strlist14TStringList__1INS_15DelphiInterfaceIN10Umodulelib22IContextRequestHandlerEEEE11TStringItemEE4PackEv
 0005:000019D4       context.handlers.$pdata$_ZN6System8Generics11Collections8TList__1IN7Strlist14TStringList__1INS_15DelphiInterfaceIN10Umodulelib22IContextRequestHandlerEEEE11TStringItemEE4SortENS5_INS0_8Defaults12IComparer__1ISA_EEEE
 0005:000019E0       context.handlers.$pdata$_ZN6System8Generics11Collections8TList__1IN7Strlist14TStringList__1INS_15DelphiInterfaceIN10Umodulelib22IContextRequestHandlerEEEE11TStringItemEE4SortENS5_INS0_8Defaults12IComparer__1ISA_EEEEii
 0005:000019C8       context.handlers.$pdata$_ZN6System8Generics11Collections8TList__1IN7Strlist14TStringList__1INS_15DelphiInterfaceIN10Umodulelib22IContextRequestHandlerEEEE11TStringItemEE4SortEv
 0005:00001974       context.handlers.$pdata$_ZN6System8Generics11Collections8TList__1IN7Strlist14TStringList__1INS_15DelphiInterfaceIN10Umodulelib22IContextRequestHandlerEEEE11TStringItemEE5ClearEv
 0005:000017A0       context.handlers.$pdata$_ZN6System8Generics11Collections8TList__1IN7Strlist14TStringList__1INS_15DelphiInterfaceIN10Umodulelib22IContextRequestHandlerEEEE11TStringItemEE5ErrorENS_13UnicodeStringEx
 0005:000017AC       context.handlers.$pdata$_ZN6System8Generics11Collections8TList__1IN7Strlist14TStringList__1INS_15DelphiInterfaceIN10Umodulelib22IContextRequestHandlerEEEE11TStringItemEE5ErrorEPNS_13TResStringRecEx
 0005:0000192C       context.handlers.$pdata$_ZN6System8Generics11Collections8TList__1IN7Strlist14TStringList__1INS_15DelphiInterfaceIN10Umodulelib22IContextRequestHandlerEEEE11TStringItemEE5FirstEv
 0005:000018A8       context.handlers.$pdata$_ZN6System8Generics11Collections8TList__1IN7Strlist14TStringList__1INS_15DelphiInterfaceIN10Umodulelib22IContextRequestHandlerEEEE11TStringItemEE6DeleteEi
 0005:00001980       context.handlers.$pdata$_ZN6System8Generics11Collections8TList__1IN7Strlist14TStringList__1INS_15DelphiInterfaceIN10Umodulelib22IContextRequestHandlerEEEE11TStringItemEE6ExpandEv
 0005:000017F4       context.handlers.$pdata$_ZN6System8Generics11Collections8TList__1IN7Strlist14TStringList__1INS_15DelphiInterfaceIN10Umodulelib22IContextRequestHandlerEEEE11TStringItemEE6InsertEiRKSA_
 0005:00001728       context.handlers.$pdata$_ZN6System8Generics11Collections8TList__1IN7Strlist14TStringList__1INS_15DelphiInterfaceIN10Umodulelib22IContextRequestHandlerEEEE11TStringItemEE6NotifyERKSA_NS1_23TCollectionNotificationE
 0005:00001890       context.handlers.$pdata$_ZN6System8Generics11Collections8TList__1IN7Strlist14TStringList__1INS_15DelphiInterfaceIN10Umodulelib22IContextRequestHandlerEEEE11TStringItemEE6RemoveERKSA_
 0005:000018CC       context.handlers.$pdata$_ZN6System8Generics11Collections8TList__1IN7Strlist14TStringList__1INS_15DelphiInterfaceIN10Umodulelib22IContextRequestHandlerEEEE11TStringItemEE7ExtractERKSA_
 0005:000016A4       context.handlers.$pdata$_ZN6System8Generics11Collections8TList__1IN7Strlist14TStringList__1INS_15DelphiInterfaceIN10Umodulelib22IContextRequestHandlerEEEE11TStringItemEE7GetItemEi
 0005:00001668       context.handlers.$pdata$_ZN6System8Generics11Collections8TList__1IN7Strlist14TStringList__1INS_15DelphiInterfaceIN10Umodulelib22IContextRequestHandlerEEEE11TStringItemEE7GetListEv
 0005:00001998       context.handlers.$pdata$_ZN6System8Generics11Collections8TList__1IN7Strlist14TStringList__1INS_15DelphiInterfaceIN10Umodulelib22IContextRequestHandlerEEEE11TStringItemEE7IndexOfERKSA_
 0005:000019BC       context.handlers.$pdata$_ZN6System8Generics11Collections8TList__1IN7Strlist14TStringList__1INS_15DelphiInterfaceIN10Umodulelib22IContextRequestHandlerEEEE11TStringItemEE7ReverseEv
 0005:000016B0       context.handlers.$pdata$_ZN6System8Generics11Collections8TList__1IN7Strlist14TStringList__1INS_15DelphiInterfaceIN10Umodulelib22IContextRequestHandlerEEEE11TStringItemEE7SetItemEiRKSA_
 0005:00001A1C       context.handlers.$pdata$_ZN6System8Generics11Collections8TList__1IN7Strlist14TStringList__1INS_15DelphiInterfaceIN10Umodulelib22IContextRequestHandlerEEEE11TStringItemEE7ToArrayEv
 0005:000017DC       context.handlers.$pdata$_ZN6System8Generics11Collections8TList__1IN7Strlist14TStringList__1INS_15DelphiInterfaceIN10Umodulelib22IContextRequestHandlerEEEE11TStringItemEE8AddRangeENS5_INS_14IEnumerable__1ISA_EEEE
 0005:000017D0       context.handlers.$pdata$_ZN6System8Generics11Collections8TList__1IN7Strlist14TStringList__1INS_15DelphiInterfaceIN10Umodulelib22IContextRequestHandlerEEEE11TStringItemEE8AddRangeEPKSA_i
 0005:000017E8       context.handlers.$pdata$_ZN6System8Generics11Collections8TList__1IN7Strlist14TStringList__1INS_15DelphiInterfaceIN10Umodulelib22IContextRequestHandlerEEEE11TStringItemEE8AddRangeEPNS1_14TEnumerable__1ISA_EE
 0005:0000198C       context.handlers.$pdata$_ZN6System8Generics11Collections8TList__1IN7Strlist14TStringList__1INS_15DelphiInterfaceIN10Umodulelib22IContextRequestHandlerEEEE11TStringItemEE8ContainsERKSA_
 0005:000016C8       context.handlers.$pdata$_ZN6System8Generics11Collections8TList__1IN7Strlist14TStringList__1INS_15DelphiInterfaceIN10Umodulelib22IContextRequestHandlerEEEE11TStringItemEE8DoDeleteEiNS1_23TCollectionNotificationE
 0005:00001914       context.handlers.$pdata$_ZN6System8Generics11Collections8TList__1IN7Strlist14TStringList__1INS_15DelphiInterfaceIN10Umodulelib22IContextRequestHandlerEEEE11TStringItemEE8ExchangeEii
 0005:00001674       context.handlers.$pdata$_ZN6System8Generics11Collections8TList__1IN7Strlist14TStringList__1INS_15DelphiInterfaceIN10Umodulelib22IContextRequestHandlerEEEE11TStringItemEE8GetPListEv
 0005:00001698       context.handlers.$pdata$_ZN6System8Generics11Collections8TList__1IN7Strlist14TStringList__1INS_15DelphiInterfaceIN10Umodulelib22IContextRequestHandlerEEEE11TStringItemEE8SetCountEi
 0005:000018F0       context.handlers.$pdata$_ZN6System8Generics11Collections8TList__1IN7Strlist14TStringList__1INS_15DelphiInterfaceIN10Umodulelib22IContextRequestHandlerEEEE11TStringItemEE9ExtractAtEi
 0005:000016BC       context.handlers.$pdata$_ZN6System8Generics11Collections8TList__1IN7Strlist14TStringList__1INS_15DelphiInterfaceIN10Umodulelib22IContextRequestHandlerEEEE11TStringItemEE9GrowCheckEi
 0005:00001710       context.handlers.$pdata$_ZN6System8Generics11Collections8TList__1IN7Strlist14TStringList__1INS_15DelphiInterfaceIN10Umodulelib22IContextRequestHandlerEEEE11TStringItemEE9ItemValueERKSA_
 0005:0000174C       context.handlers.$pdata$_ZN6System8Generics11Collections8TList__1IN7Strlist14TStringList__1INS_15DelphiInterfaceIN10Umodulelib22IContextRequestHandlerEEEE11TStringItemEEC3ENS5_INS0_8Defaults12IComparer__1ISA_EEEE
 0005:0000177C       context.handlers.$pdata$_ZN6System8Generics11Collections8TList__1IN7Strlist14TStringList__1INS_15DelphiInterfaceIN10Umodulelib22IContextRequestHandlerEEEE11TStringItemEEC3EPKSA_i
 0005:00001764       context.handlers.$pdata$_ZN6System8Generics11Collections8TList__1IN7Strlist14TStringList__1INS_15DelphiInterfaceIN10Umodulelib22IContextRequestHandlerEEEE11TStringItemEEC3EPNS1_14TEnumerable__1ISA_EE
 0005:00001734       context.handlers.$pdata$_ZN6System8Generics11Collections8TList__1IN7Strlist14TStringList__1INS_15DelphiInterfaceIN10Umodulelib22IContextRequestHandlerEEEE11TStringItemEEC3Ev
 0005:00001794       context.handlers.$pdata$_ZN6System8Generics11Collections8TList__1IN7Strlist14TStringList__1INS_15DelphiInterfaceIN10Umodulelib22IContextRequestHandlerEEEE11TStringItemEED0Ev
 0005:000012D8       context.handlers.$pdata$_ZN6System8Generics11Collections8TList__1IN7Strlist14TStringList__1IU9__closurePFvNS_15DelphiInterfaceIN10Umodulelib15IRequestContextEEEEE11TStringItemEE10RemoveItemERKSD_NS_5Types10TDirectionE
 0005:0000144C       context.handlers.$pdata$_ZN6System8Generics11Collections8TList__1IN7Strlist14TStringList__1IU9__closurePFvNS_15DelphiInterfaceIN10Umodulelib15IRequestContextEEEEE11TStringItemEE10TrimExcessEv
 0005:000012F0       context.handlers.$pdata$_ZN6System8Generics11Collections8TList__1IN7Strlist14TStringList__1IU9__closurePFvNS_15DelphiInterfaceIN10Umodulelib15IRequestContextEEEEE11TStringItemEE11DeleteRangeEii
 0005:000012FC       context.handlers.$pdata$_ZN6System8Generics11Collections8TList__1IN7Strlist14TStringList__1IU9__closurePFvNS_15DelphiInterfaceIN10Umodulelib15IRequestContextEEEEE11TStringItemEE11ExtractItemERKSD_NS_5Types10TDirectionE
 0005:00001098       context.handlers.$pdata$_ZN6System8Generics11Collections8TList__1IN7Strlist14TStringList__1IU9__closurePFvNS_15DelphiInterfaceIN10Umodulelib15IRequestContextEEEEE11TStringItemEE11FListHelperEv
 0005:000010BC       context.handlers.$pdata$_ZN6System8Generics11Collections8TList__1IN7Strlist14TStringList__1IU9__closurePFvNS_15DelphiInterfaceIN10Umodulelib15IRequestContextEEEEE11TStringItemEE11GetCapacityEv
 0005:000013E0       context.handlers.$pdata$_ZN6System8Generics11Collections8TList__1IN7Strlist14TStringList__1IU9__closurePFvNS_15DelphiInterfaceIN10Umodulelib15IRequestContextEEEEE11TStringItemEE11IndexOfItemERKSD_NS_5Types10TDirectionE
 0005:00001254       context.handlers.$pdata$_ZN6System8Generics11Collections8TList__1IN7Strlist14TStringList__1IU9__closurePFvNS_15DelphiInterfaceIN10Umodulelib15IRequestContextEEEEE11TStringItemEE11InsertRangeEiNS5_INS_14IEnumerable__1ISD_EEEE
 0005:00001248       context.handlers.$pdata$_ZN6System8Generics11Collections8TList__1IN7Strlist14TStringList__1IU9__closurePFvNS_15DelphiInterfaceIN10Umodulelib15IRequestContextEEEEE11TStringItemEE11InsertRangeEiPKSD_i
 0005:0000123C       context.handlers.$pdata$_ZN6System8Generics11Collections8TList__1IN7Strlist14TStringList__1IU9__closurePFvNS_15DelphiInterfaceIN10Umodulelib15IRequestContextEEEEE11TStringItemEE11InsertRangeEiPKSD_ii
 0005:00001278       context.handlers.$pdata$_ZN6System8Generics11Collections8TList__1IN7Strlist14TStringList__1IU9__closurePFvNS_15DelphiInterfaceIN10Umodulelib15IRequestContextEEEEE11TStringItemEE11InsertRangeEiPNS1_14TEnumerable__1ISD_EE
 0005:000013EC       context.handlers.$pdata$_ZN6System8Generics11Collections8TList__1IN7Strlist14TStringList__1IU9__closurePFvNS_15DelphiInterfaceIN10Umodulelib15IRequestContextEEEEE11TStringItemEE11LastIndexOfERKSD_
 0005:000010C8       context.handlers.$pdata$_ZN6System8Generics11Collections8TList__1IN7Strlist14TStringList__1IU9__closurePFvNS_15DelphiInterfaceIN10Umodulelib15IRequestContextEEEEE11TStringItemEE11SetCapacityEi
 0005:00001128       context.handlers.$pdata$_ZN6System8Generics11Collections8TList__1IN7Strlist14TStringList__1IU9__closurePFvNS_15DelphiInterfaceIN10Umodulelib15IRequestContextEEEEE11TStringItemEE11SetOnNotifyEU9__closurePFvPNS_7TObjectERKSD_NS1_23TCollectionNotificationEE
 0005:000014A0       context.handlers.$pdata$_ZN6System8Generics11Collections8TList__1IN7Strlist14TStringList__1IU9__closurePFvNS_15DelphiInterfaceIN10Umodulelib15IRequestContextEEEEE11TStringItemEE11TEnumerator10DoMoveNextEv
 0005:00001470       context.handlers.$pdata$_ZN6System8Generics11Collections8TList__1IN7Strlist14TStringList__1IU9__closurePFvNS_15DelphiInterfaceIN10Umodulelib15IRequestContextEEEEE11TStringItemEE11TEnumerator10GetCurrentEv
 0005:0000147C       context.handlers.$pdata$_ZN6System8Generics11Collections8TList__1IN7Strlist14TStringList__1IU9__closurePFvNS_15DelphiInterfaceIN10Umodulelib15IRequestContextEEEEE11TStringItemEE11TEnumerator12DoGetCurrentEv
 0005:000014C4       context.handlers.$pdata$_ZN6System8Generics11Collections8TList__1IN7Strlist14TStringList__1IU9__closurePFvNS_15DelphiInterfaceIN10Umodulelib15IRequestContextEEEEE11TStringItemEE11TEnumerator8MoveNextEv
 0005:000014AC       context.handlers.$pdata$_ZN6System8Generics11Collections8TList__1IN7Strlist14TStringList__1IU9__closurePFvNS_15DelphiInterfaceIN10Umodulelib15IRequestContextEEEEE11TStringItemEE11TEnumeratorC3EPSE_
 0005:00001428       context.handlers.$pdata$_ZN6System8Generics11Collections8TList__1IN7Strlist14TStringList__1IU9__closurePFvNS_15DelphiInterfaceIN10Umodulelib15IRequestContextEEEEE11TStringItemEE12BinarySearchERKSD_Ri
 0005:00001434       context.handlers.$pdata$_ZN6System8Generics11Collections8TList__1IN7Strlist14TStringList__1IU9__closurePFvNS_15DelphiInterfaceIN10Umodulelib15IRequestContextEEEEE11TStringItemEE12BinarySearchERKSD_RiNS5_INS0_8Defaults12IComparer__1ISD_EEEE
 0005:00001440       context.handlers.$pdata$_ZN6System8Generics11Collections8TList__1IN7Strlist14TStringList__1IU9__closurePFvNS_15DelphiInterfaceIN10Umodulelib15IRequestContextEEEEE11TStringItemEE12BinarySearchERKSD_RiNS5_INS0_8Defaults12IComparer__1ISD_EEEEii
 0005:0000111C       context.handlers.$pdata$_ZN6System8Generics11Collections8TList__1IN7Strlist14TStringList__1IU9__closurePFvNS_15DelphiInterfaceIN10Umodulelib15IRequestContextEEEEE11TStringItemEE12UpdateNotifyEv
 0005:00001464       context.handlers.$pdata$_ZN6System8Generics11Collections8TList__1IN7Strlist14TStringList__1IU9__closurePFvNS_15DelphiInterfaceIN10Umodulelib15IRequestContextEEEEE11TStringItemEE13GetEnumeratorEv
 0005:00001110       context.handlers.$pdata$_ZN6System8Generics11Collections8TList__1IN7Strlist14TStringList__1IU9__closurePFvNS_15DelphiInterfaceIN10Umodulelib15IRequestContextEEEEE11TStringItemEE14InternalNotifyEPKvNS1_23TCollectionNotificationE
 0005:00001140       context.handlers.$pdata$_ZN6System8Generics11Collections8TList__1IN7Strlist14TStringList__1IU9__closurePFvNS_15DelphiInterfaceIN10Umodulelib15IRequestContextEEEEE11TStringItemEE14UpdateComparerENS5_INS0_8Defaults12IComparer__1ISD_EEEE
 0005:00001158       context.handlers.$pdata$_ZN6System8Generics11Collections8TList__1IN7Strlist14TStringList__1IU9__closurePFvNS_15DelphiInterfaceIN10Umodulelib15IRequestContextEEEEE11TStringItemEE15DoGetEnumeratorEv
 0005:00001134       context.handlers.$pdata$_ZN6System8Generics11Collections8TList__1IN7Strlist14TStringList__1IU9__closurePFvNS_15DelphiInterfaceIN10Umodulelib15IRequestContextEEEEE11TStringItemEE15InternalCompareEPKvSG_
 0005:00001200       context.handlers.$pdata$_ZN6System8Generics11Collections8TList__1IN7Strlist14TStringList__1IU9__closurePFvNS_15DelphiInterfaceIN10Umodulelib15IRequestContextEEEEE11TStringItemEE3AddERKSD_
 0005:0000138C       context.handlers.$pdata$_ZN6System8Generics11Collections8TList__1IN7Strlist14TStringList__1IU9__closurePFvNS_15DelphiInterfaceIN10Umodulelib15IRequestContextEEEEE11TStringItemEE4LastEv
 0005:0000135C       context.handlers.$pdata$_ZN6System8Generics11Collections8TList__1IN7Strlist14TStringList__1IU9__closurePFvNS_15DelphiInterfaceIN10Umodulelib15IRequestContextEEEEE11TStringItemEE4MoveEii
 0005:000012B4       context.handlers.$pdata$_ZN6System8Generics11Collections8TList__1IN7Strlist14TStringList__1IU9__closurePFvNS_15DelphiInterfaceIN10Umodulelib15IRequestContextEEEEE11TStringItemEE4PackENS5_INSE_10TEmptyFuncEEE
 0005:0000129C       context.handlers.$pdata$_ZN6System8Generics11Collections8TList__1IN7Strlist14TStringList__1IU9__closurePFvNS_15DelphiInterfaceIN10Umodulelib15IRequestContextEEEEE11TStringItemEE4PackEv
 0005:00001410       context.handlers.$pdata$_ZN6System8Generics11Collections8TList__1IN7Strlist14TStringList__1IU9__closurePFvNS_15DelphiInterfaceIN10Umodulelib15IRequestContextEEEEE11TStringItemEE4SortENS5_INS0_8Defaults12IComparer__1ISD_EEEE
 0005:0000141C       context.handlers.$pdata$_ZN6System8Generics11Collections8TList__1IN7Strlist14TStringList__1IU9__closurePFvNS_15DelphiInterfaceIN10Umodulelib15IRequestContextEEEEE11TStringItemEE4SortENS5_INS0_8Defaults12IComparer__1ISD_EEEEii
 0005:00001404       context.handlers.$pdata$_ZN6System8Generics11Collections8TList__1IN7Strlist14TStringList__1IU9__closurePFvNS_15DelphiInterfaceIN10Umodulelib15IRequestContextEEEEE11TStringItemEE4SortEv
 0005:000013B0       context.handlers.$pdata$_ZN6System8Generics11Collections8TList__1IN7Strlist14TStringList__1IU9__closurePFvNS_15DelphiInterfaceIN10Umodulelib15IRequestContextEEEEE11TStringItemEE5ClearEv
 0005:000011DC       context.handlers.$pdata$_ZN6System8Generics11Collections8TList__1IN7Strlist14TStringList__1IU9__closurePFvNS_15DelphiInterfaceIN10Umodulelib15IRequestContextEEEEE11TStringItemEE5ErrorENS_13UnicodeStringEx
 0005:000011E8       context.handlers.$pdata$_ZN6System8Generics11Collections8TList__1IN7Strlist14TStringList__1IU9__closurePFvNS_15DelphiInterfaceIN10Umodulelib15IRequestContextEEEEE11TStringItemEE5ErrorEPNS_13TResStringRecEx
 0005:00001368       context.handlers.$pdata$_ZN6System8Generics11Collections8TList__1IN7Strlist14TStringList__1IU9__closurePFvNS_15DelphiInterfaceIN10Umodulelib15IRequestContextEEEEE11TStringItemEE5FirstEv
 0005:000012E4       context.handlers.$pdata$_ZN6System8Generics11Collections8TList__1IN7Strlist14TStringList__1IU9__closurePFvNS_15DelphiInterfaceIN10Umodulelib15IRequestContextEEEEE11TStringItemEE6DeleteEi
 0005:000013BC       context.handlers.$pdata$_ZN6System8Generics11Collections8TList__1IN7Strlist14TStringList__1IU9__closurePFvNS_15DelphiInterfaceIN10Umodulelib15IRequestContextEEEEE11TStringItemEE6ExpandEv
 0005:00001230       context.handlers.$pdata$_ZN6System8Generics11Collections8TList__1IN7Strlist14TStringList__1IU9__closurePFvNS_15DelphiInterfaceIN10Umodulelib15IRequestContextEEEEE11TStringItemEE6InsertEiRKSD_
 0005:00001164       context.handlers.$pdata$_ZN6System8Generics11Collections8TList__1IN7Strlist14TStringList__1IU9__closurePFvNS_15DelphiInterfaceIN10Umodulelib15IRequestContextEEEEE11TStringItemEE6NotifyERKSD_NS1_23TCollectionNotificationE
 0005:000012CC       context.handlers.$pdata$_ZN6System8Generics11Collections8TList__1IN7Strlist14TStringList__1IU9__closurePFvNS_15DelphiInterfaceIN10Umodulelib15IRequestContextEEEEE11TStringItemEE6RemoveERKSD_
 0005:00001308       context.handlers.$pdata$_ZN6System8Generics11Collections8TList__1IN7Strlist14TStringList__1IU9__closurePFvNS_15DelphiInterfaceIN10Umodulelib15IRequestContextEEEEE11TStringItemEE7ExtractERKSD_
 0005:000010E0       context.handlers.$pdata$_ZN6System8Generics11Collections8TList__1IN7Strlist14TStringList__1IU9__closurePFvNS_15DelphiInterfaceIN10Umodulelib15IRequestContextEEEEE11TStringItemEE7GetItemEi
 0005:000010A4       context.handlers.$pdata$_ZN6System8Generics11Collections8TList__1IN7Strlist14TStringList__1IU9__closurePFvNS_15DelphiInterfaceIN10Umodulelib15IRequestContextEEEEE11TStringItemEE7GetListEv
 0005:000013D4       context.handlers.$pdata$_ZN6System8Generics11Collections8TList__1IN7Strlist14TStringList__1IU9__closurePFvNS_15DelphiInterfaceIN10Umodulelib15IRequestContextEEEEE11TStringItemEE7IndexOfERKSD_
 0005:000013F8       context.handlers.$pdata$_ZN6System8Generics11Collections8TList__1IN7Strlist14TStringList__1IU9__closurePFvNS_15DelphiInterfaceIN10Umodulelib15IRequestContextEEEEE11TStringItemEE7ReverseEv
 0005:000010EC       context.handlers.$pdata$_ZN6System8Generics11Collections8TList__1IN7Strlist14TStringList__1IU9__closurePFvNS_15DelphiInterfaceIN10Umodulelib15IRequestContextEEEEE11TStringItemEE7SetItemEiRKSD_
 0005:00001458       context.handlers.$pdata$_ZN6System8Generics11Collections8TList__1IN7Strlist14TStringList__1IU9__closurePFvNS_15DelphiInterfaceIN10Umodulelib15IRequestContextEEEEE11TStringItemEE7ToArrayEv
 0005:00001218       context.handlers.$pdata$_ZN6System8Generics11Collections8TList__1IN7Strlist14TStringList__1IU9__closurePFvNS_15DelphiInterfaceIN10Umodulelib15IRequestContextEEEEE11TStringItemEE8AddRangeENS5_INS_14IEnumerable__1ISD_EEEE
 0005:0000120C       context.handlers.$pdata$_ZN6System8Generics11Collections8TList__1IN7Strlist14TStringList__1IU9__closurePFvNS_15DelphiInterfaceIN10Umodulelib15IRequestContextEEEEE11TStringItemEE8AddRangeEPKSD_i
 0005:00001224       context.handlers.$pdata$_ZN6System8Generics11Collections8TList__1IN7Strlist14TStringList__1IU9__closurePFvNS_15DelphiInterfaceIN10Umodulelib15IRequestContextEEEEE11TStringItemEE8AddRangeEPNS1_14TEnumerable__1ISD_EE
 0005:000013C8       context.handlers.$pdata$_ZN6System8Generics11Collections8TList__1IN7Strlist14TStringList__1IU9__closurePFvNS_15DelphiInterfaceIN10Umodulelib15IRequestContextEEEEE11TStringItemEE8ContainsERKSD_
 0005:00001104       context.handlers.$pdata$_ZN6System8Generics11Collections8TList__1IN7Strlist14TStringList__1IU9__closurePFvNS_15DelphiInterfaceIN10Umodulelib15IRequestContextEEEEE11TStringItemEE8DoDeleteEiNS1_23TCollectionNotificationE
 0005:00001350       context.handlers.$pdata$_ZN6System8Generics11Collections8TList__1IN7Strlist14TStringList__1IU9__closurePFvNS_15DelphiInterfaceIN10Umodulelib15IRequestContextEEEEE11TStringItemEE8ExchangeEii
 0005:000010B0       context.handlers.$pdata$_ZN6System8Generics11Collections8TList__1IN7Strlist14TStringList__1IU9__closurePFvNS_15DelphiInterfaceIN10Umodulelib15IRequestContextEEEEE11TStringItemEE8GetPListEv
 0005:000010D4       context.handlers.$pdata$_ZN6System8Generics11Collections8TList__1IN7Strlist14TStringList__1IU9__closurePFvNS_15DelphiInterfaceIN10Umodulelib15IRequestContextEEEEE11TStringItemEE8SetCountEi
 0005:0000132C       context.handlers.$pdata$_ZN6System8Generics11Collections8TList__1IN7Strlist14TStringList__1IU9__closurePFvNS_15DelphiInterfaceIN10Umodulelib15IRequestContextEEEEE11TStringItemEE9ExtractAtEi
 0005:000010F8       context.handlers.$pdata$_ZN6System8Generics11Collections8TList__1IN7Strlist14TStringList__1IU9__closurePFvNS_15DelphiInterfaceIN10Umodulelib15IRequestContextEEEEE11TStringItemEE9GrowCheckEi
 0005:0000114C       context.handlers.$pdata$_ZN6System8Generics11Collections8TList__1IN7Strlist14TStringList__1IU9__closurePFvNS_15DelphiInterfaceIN10Umodulelib15IRequestContextEEEEE11TStringItemEE9ItemValueERKSD_
 0005:00001188       context.handlers.$pdata$_ZN6System8Generics11Collections8TList__1IN7Strlist14TStringList__1IU9__closurePFvNS_15DelphiInterfaceIN10Umodulelib15IRequestContextEEEEE11TStringItemEEC3ENS5_INS0_8Defaults12IComparer__1ISD_EEEE
 0005:000011B8       context.handlers.$pdata$_ZN6System8Generics11Collections8TList__1IN7Strlist14TStringList__1IU9__closurePFvNS_15DelphiInterfaceIN10Umodulelib15IRequestContextEEEEE11TStringItemEEC3EPKSD_i
 0005:000011A0       context.handlers.$pdata$_ZN6System8Generics11Collections8TList__1IN7Strlist14TStringList__1IU9__closurePFvNS_15DelphiInterfaceIN10Umodulelib15IRequestContextEEEEE11TStringItemEEC3EPNS1_14TEnumerable__1ISD_EE
 0005:00001170       context.handlers.$pdata$_ZN6System8Generics11Collections8TList__1IN7Strlist14TStringList__1IU9__closurePFvNS_15DelphiInterfaceIN10Umodulelib15IRequestContextEEEEE11TStringItemEEC3Ev
 0005:000011D0       context.handlers.$pdata$_ZN6System8Generics11Collections8TList__1IN7Strlist14TStringList__1IU9__closurePFvNS_15DelphiInterfaceIN10Umodulelib15IRequestContextEEEEE11TStringItemEED0Ev
 0005:00001E78       context.handlers.$pdata$_ZN6System8Generics11Collections8TList__1IPNS_7TObjectEE10RemoveItemES4_NS_5Types10TDirectionE
 0005:00001F8C       context.handlers.$pdata$_ZN6System8Generics11Collections8TList__1IPNS_7TObjectEE10TrimExcessEv
 0005:00001E90       context.handlers.$pdata$_ZN6System8Generics11Collections8TList__1IPNS_7TObjectEE11DeleteRangeEii
 0005:00001E9C       context.handlers.$pdata$_ZN6System8Generics11Collections8TList__1IPNS_7TObjectEE11ExtractItemES4_NS_5Types10TDirectionE
 0005:00001C44       context.handlers.$pdata$_ZN6System8Generics11Collections8TList__1IPNS_7TObjectEE11FListHelperEv
 0005:00001C68       context.handlers.$pdata$_ZN6System8Generics11Collections8TList__1IPNS_7TObjectEE11GetCapacityEv
 0005:00001F20       context.handlers.$pdata$_ZN6System8Generics11Collections8TList__1IPNS_7TObjectEE11IndexOfItemES4_NS_5Types10TDirectionE
 0005:00001E00       context.handlers.$pdata$_ZN6System8Generics11Collections8TList__1IPNS_7TObjectEE11InsertRangeEiNS_15DelphiInterfaceINS_14IEnumerable__1IS4_EEEE
 0005:00001DF4       context.handlers.$pdata$_ZN6System8Generics11Collections8TList__1IPNS_7TObjectEE11InsertRangeEiPKS4_i
 0005:00001DE8       context.handlers.$pdata$_ZN6System8Generics11Collections8TList__1IPNS_7TObjectEE11InsertRangeEiPKS4_ii
 0005:00001E24       context.handlers.$pdata$_ZN6System8Generics11Collections8TList__1IPNS_7TObjectEE11InsertRangeEiPNS1_14TEnumerable__1IS4_EE
 0005:00001F2C       context.handlers.$pdata$_ZN6System8Generics11Collections8TList__1IPNS_7TObjectEE11LastIndexOfES4_
 0005:00001C74       context.handlers.$pdata$_ZN6System8Generics11Collections8TList__1IPNS_7TObjectEE11SetCapacityEi
 0005:00001CD4       context.handlers.$pdata$_ZN6System8Generics11Collections8TList__1IPNS_7TObjectEE11SetOnNotifyEU9__closurePFvS4_S4_NS1_23TCollectionNotificationEE
 0005:00001FC8       context.handlers.$pdata$_ZN6System8Generics11Collections8TList__1IPNS_7TObjectEE11TEnumerator10DoMoveNextEv
 0005:00001FB0       context.handlers.$pdata$_ZN6System8Generics11Collections8TList__1IPNS_7TObjectEE11TEnumerator10GetCurrentEv
 0005:00001FBC       context.handlers.$pdata$_ZN6System8Generics11Collections8TList__1IPNS_7TObjectEE11TEnumerator12DoGetCurrentEv
 0005:00001FEC       context.handlers.$pdata$_ZN6System8Generics11Collections8TList__1IPNS_7TObjectEE11TEnumerator8MoveNextEv
 0005:00001FD4       context.handlers.$pdata$_ZN6System8Generics11Collections8TList__1IPNS_7TObjectEE11TEnumeratorC3EPS5_
 0005:00001F68       context.handlers.$pdata$_ZN6System8Generics11Collections8TList__1IPNS_7TObjectEE12BinarySearchES4_Ri
 0005:00001F74       context.handlers.$pdata$_ZN6System8Generics11Collections8TList__1IPNS_7TObjectEE12BinarySearchES4_RiNS_15DelphiInterfaceINS0_8Defaults12IComparer__1IS4_EEEE
 0005:00001F80       context.handlers.$pdata$_ZN6System8Generics11Collections8TList__1IPNS_7TObjectEE12BinarySearchES4_RiNS_15DelphiInterfaceINS0_8Defaults12IComparer__1IS4_EEEEii
 0005:00001CC8       context.handlers.$pdata$_ZN6System8Generics11Collections8TList__1IPNS_7TObjectEE12UpdateNotifyEv
 0005:00001FA4       context.handlers.$pdata$_ZN6System8Generics11Collections8TList__1IPNS_7TObjectEE13GetEnumeratorEv
 0005:00001CBC       context.handlers.$pdata$_ZN6System8Generics11Collections8TList__1IPNS_7TObjectEE14InternalNotifyEPKvNS1_23TCollectionNotificationE
 0005:00001CEC       context.handlers.$pdata$_ZN6System8Generics11Collections8TList__1IPNS_7TObjectEE14UpdateComparerENS_15DelphiInterfaceINS0_8Defaults12IComparer__1IS4_EEEE
 0005:00001D04       context.handlers.$pdata$_ZN6System8Generics11Collections8TList__1IPNS_7TObjectEE15DoGetEnumeratorEv
 0005:00001CE0       context.handlers.$pdata$_ZN6System8Generics11Collections8TList__1IPNS_7TObjectEE15InternalCompareEPKvS7_
 0005:00001DAC       context.handlers.$pdata$_ZN6System8Generics11Collections8TList__1IPNS_7TObjectEE3AddES4_
 0005:00001EE4       context.handlers.$pdata$_ZN6System8Generics11Collections8TList__1IPNS_7TObjectEE4LastEv
 0005:00001ECC       context.handlers.$pdata$_ZN6System8Generics11Collections8TList__1IPNS_7TObjectEE4MoveEii
 0005:00001E54       context.handlers.$pdata$_ZN6System8Generics11Collections8TList__1IPNS_7TObjectEE4PackENS_15DelphiInterfaceINS5_10TEmptyFuncEEE
 0005:00001E3C       context.handlers.$pdata$_ZN6System8Generics11Collections8TList__1IPNS_7TObjectEE4PackEv
 0005:00001F50       context.handlers.$pdata$_ZN6System8Generics11Collections8TList__1IPNS_7TObjectEE4SortENS_15DelphiInterfaceINS0_8Defaults12IComparer__1IS4_EEEE
 0005:00001F5C       context.handlers.$pdata$_ZN6System8Generics11Collections8TList__1IPNS_7TObjectEE4SortENS_15DelphiInterfaceINS0_8Defaults12IComparer__1IS4_EEEEii
 0005:00001F44       context.handlers.$pdata$_ZN6System8Generics11Collections8TList__1IPNS_7TObjectEE4SortEv
 0005:00001EF0       context.handlers.$pdata$_ZN6System8Generics11Collections8TList__1IPNS_7TObjectEE5ClearEv
 0005:00001D88       context.handlers.$pdata$_ZN6System8Generics11Collections8TList__1IPNS_7TObjectEE5ErrorENS_13UnicodeStringEx
 0005:00001D94       context.handlers.$pdata$_ZN6System8Generics11Collections8TList__1IPNS_7TObjectEE5ErrorEPNS_13TResStringRecEx
 0005:00001ED8       context.handlers.$pdata$_ZN6System8Generics11Collections8TList__1IPNS_7TObjectEE5FirstEv
 0005:00001E84       context.handlers.$pdata$_ZN6System8Generics11Collections8TList__1IPNS_7TObjectEE6DeleteEi
 0005:00001EFC       context.handlers.$pdata$_ZN6System8Generics11Collections8TList__1IPNS_7TObjectEE6ExpandEv
 0005:00001DDC       context.handlers.$pdata$_ZN6System8Generics11Collections8TList__1IPNS_7TObjectEE6InsertEiS4_
 0005:00001D10       context.handlers.$pdata$_ZN6System8Generics11Collections8TList__1IPNS_7TObjectEE6NotifyES4_NS1_23TCollectionNotificationE
 0005:00001E6C       context.handlers.$pdata$_ZN6System8Generics11Collections8TList__1IPNS_7TObjectEE6RemoveES4_
 0005:00001EA8       context.handlers.$pdata$_ZN6System8Generics11Collections8TList__1IPNS_7TObjectEE7ExtractES4_
 0005:00001C8C       context.handlers.$pdata$_ZN6System8Generics11Collections8TList__1IPNS_7TObjectEE7GetItemEi
 0005:00001C50       context.handlers.$pdata$_ZN6System8Generics11Collections8TList__1IPNS_7TObjectEE7GetListEv
 0005:00001F14       context.handlers.$pdata$_ZN6System8Generics11Collections8TList__1IPNS_7TObjectEE7IndexOfES4_
 0005:00001F38       context.handlers.$pdata$_ZN6System8Generics11Collections8TList__1IPNS_7TObjectEE7ReverseEv
 0005:00001C98       context.handlers.$pdata$_ZN6System8Generics11Collections8TList__1IPNS_7TObjectEE7SetItemEiS4_
 0005:00001F98       context.handlers.$pdata$_ZN6System8Generics11Collections8TList__1IPNS_7TObjectEE7ToArrayEv
 0005:00001DC4       context.handlers.$pdata$_ZN6System8Generics11Collections8TList__1IPNS_7TObjectEE8AddRangeENS_15DelphiInterfaceINS_14IEnumerable__1IS4_EEEE
 0005:00001DB8       context.handlers.$pdata$_ZN6System8Generics11Collections8TList__1IPNS_7TObjectEE8AddRangeEPKS4_i
 0005:00001DD0       context.handlers.$pdata$_ZN6System8Generics11Collections8TList__1IPNS_7TObjectEE8AddRangeEPNS1_14TEnumerable__1IS4_EE
 0005:00001F08       context.handlers.$pdata$_ZN6System8Generics11Collections8TList__1IPNS_7TObjectEE8ContainsES4_
 0005:00001CB0       context.handlers.$pdata$_ZN6System8Generics11Collections8TList__1IPNS_7TObjectEE8DoDeleteEiNS1_23TCollectionNotificationE
 0005:00001EC0       context.handlers.$pdata$_ZN6System8Generics11Collections8TList__1IPNS_7TObjectEE8ExchangeEii
 0005:00001C5C       context.handlers.$pdata$_ZN6System8Generics11Collections8TList__1IPNS_7TObjectEE8GetPListEv
 0005:00001C80       context.handlers.$pdata$_ZN6System8Generics11Collections8TList__1IPNS_7TObjectEE8SetCountEi
 0005:00001EB4       context.handlers.$pdata$_ZN6System8Generics11Collections8TList__1IPNS_7TObjectEE9ExtractAtEi
 0005:00001CA4       context.handlers.$pdata$_ZN6System8Generics11Collections8TList__1IPNS_7TObjectEE9GrowCheckEi
 0005:00001CF8       context.handlers.$pdata$_ZN6System8Generics11Collections8TList__1IPNS_7TObjectEE9ItemValueES4_
 0005:00001D34       context.handlers.$pdata$_ZN6System8Generics11Collections8TList__1IPNS_7TObjectEEC3ENS_15DelphiInterfaceINS0_8Defaults12IComparer__1IS4_EEEE
 0005:00001D64       context.handlers.$pdata$_ZN6System8Generics11Collections8TList__1IPNS_7TObjectEEC3EPKS4_i
 0005:00001D4C       context.handlers.$pdata$_ZN6System8Generics11Collections8TList__1IPNS_7TObjectEEC3EPNS1_14TEnumerable__1IS4_EE
 0005:00001D1C       context.handlers.$pdata$_ZN6System8Generics11Collections8TList__1IPNS_7TObjectEEC3Ev
 0005:00001D7C       context.handlers.$pdata$_ZN6System8Generics11Collections8TList__1IPNS_7TObjectEED0Ev
 0005:0000210C       context.handlers.$pdata$_ZN6System8Generics8Defaults12TComparer__1IN7Strlist14TStringList__1INS_15DelphiInterfaceIN10Umodulelib22IContextRequestHandlerEEEE11TStringItemEE8_DefaultEv
 0005:00002094       context.handlers.$pdata$_ZN6System8Generics8Defaults12TComparer__1IN7Strlist14TStringList__1IU9__closurePFvNS_15DelphiInterfaceIN10Umodulelib15IRequestContextEEEEE11TStringItemEE8_DefaultEv
 0005:00002160       context.handlers.$pdata$_ZN6System8Generics8Defaults12TComparer__1IPNS_7TObjectEE8_DefaultEv
 0005:00000EDC       context.handlers.$pdata$_ZN7Context8Handlers12FinalizationEv
 0005:00000EE8       context.handlers.$pdata$_ZN7Context8Handlers14initializationEv
[...]

Line numbers for context.handlers(StrList.pas) segment .text

   165 0001:00017A80   166 0001:00017AA6   167 0001:00017ABB   168 0001:00017AC7
   169 0001:00017ADC

Line numbers for context.handlers(StrList.pas) segment .text

   188 0001:00017B20   189 0001:00017B2C   191 0001:00017B32   192 0001:00017B3F
   194 0001:00017B43

Line numbers for context.handlers(StrList.pas) segment .text

   144 0001:00017B50   145 0001:00017B81   146 0001:00017B8E   147 0001:00017B9A
   148 0001:00017BAF

Line numbers for context.handlers(StrList.pas) segment .text

   118 0001:00017BF0   119 0001:00017BF7

Line numbers for context.handlers(StrList.pas) segment .text

   172 0001:00017C00   173 0001:00017C08   175 0001:00017C0D   176 0001:00017C10
   177 0001:00017C3A   181 0001:00017C40   182 0001:00017C4A   185 0001:00017C54

Line numbers for context.handlers(StrList.pas) segment .text

    83 0001:00017C60    84 0001:00017C91    85 0001:00017CBF    86 0001:00017CDD
    87 0001:00017CE5    88 0001:00017CED

Line numbers for context.handlers(StrList.pas) segment .text

    93 0001:00017D50    94 0001:00017D68    96 0001:00017D76    97 0001:00017D81
    94 0001:00017D84    98 0001:00017D8A    99 0001:00017D93   100 0001:00017DA1

Line numbers for context.handlers(StrList.pas) segment .text

    62 0001:00017DC0    63 0001:00017DEE    64 0001:00017DF8    66 0001:00017E08
    67 0001:00017E1D    69 0001:00017E32    71 0001:00017E7E    72 0001:00017E93

Line numbers for context.handlers(StrList.pas) segment .text

   105 0001:00017EE0   106 0001:00017F08   107 0001:00017F15   108 0001:00017F28
   109 0001:00017F44

Line numbers for context.handlers(StrList.pas) segment .text

   127 0001:00017F80   128 0001:00017F9B   130 0001:00017FA8   133 0001:00017FD3
   135 0001:00017FFF   136 0001:0001805A   133 0001:0001805E   137 0001:0001806F
   139 0001:00018076   135 0001:00018080

Line numbers for context.handlers(StrList.pas) segment .text

   197 0001:000180A0   198 0001:000180A4   199 0001:000180AD

Line numbers for context.handlers(System.Generics.Defaults.pas) segment .text

    42 0001:0001813C

Line numbers for context.handlers(System.Generics.Collections.pas) segment .text

  4797 0001:000186F4

Line numbers for context.handlers(System.Generics.Collections.pas) segment .text

  4818 0001:000190B7

Line numbers for context.handlers(StrList.pas) segment .text

    75 0001:00019190    76 0001:00019D94    77 0001:00019D9A    79 0001:00019DA7
    80 0001:00019DB2

Line numbers for context.handlers(StrList.pas) segment .text

   112 0001:00019DC0   113 0001:00019DD9   114 0001:00019E17   113 0001:00019E30

Line numbers for context.handlers(StrList.pas) segment .text

   122 0001:00019E50   123 0001:00019E69   124 0001:00019EA7   123 0001:00019EC0

Line numbers for context.handlers(StrList.pas) segment .text

   153 0001:00019EE0   154 0001:00019F04   155 0001:00019F0E   157 0001:00019F2B
   158 0001:00019F40   159 0001:00019F4D   160 0001:00019F62

Line numbers for context.handlers(StrList.pas) segment .text

   165 0001:0001A000   166 0001:0001A024   167 0001:0001A039   168 0001:0001A046
   169 0001:0001A05B

Line numbers for context.handlers(StrList.pas) segment .text

   188 0001:0001A0A0   189 0001:0001A0AC   191 0001:0001A0B2   192 0001:0001A0BF
   194 0001:0001A0C3

Line numbers for context.handlers(StrList.pas) segment .text

   144 0001:0001A0D0   145 0001:0001A101   146 0001:0001A10E   147 0001:0001A11B
   148 0001:0001A130

Line numbers for context.handlers(StrList.pas) segment .text

   118 0001:0001A180   119 0001:0001A187

Line numbers for context.handlers(StrList.pas) segment .text

   172 0001:0001A190   173 0001:0001A198   175 0001:0001A19D   176 0001:0001A1A0
   177 0001:0001A1CA   181 0001:0001A1D0   182 0001:0001A1DA   185 0001:0001A1E4

Line numbers for context.handlers(StrList.pas) segment .text

    83 0001:0001A1F0    84 0001:0001A221    85 0001:0001A24F    86 0001:0001A26D
    87 0001:0001A275    88 0001:0001A27D

Line numbers for context.handlers(StrList.pas) segment .text

    93 0001:0001A2E0    94 0001:0001A2F8    96 0001:0001A306    97 0001:0001A311
    94 0001:0001A314    98 0001:0001A31A    99 0001:0001A323   100 0001:0001A331

Line numbers for context.handlers(StrList.pas) segment .text

    62 0001:0001A350    63 0001:0001A384    64 0001:0001A38E    66 0001:0001A39E
    67 0001:0001A3B3    69 0001:0001A3C8    71 0001:0001A414    72 0001:0001A42C

Line numbers for context.handlers(StrList.pas) segment .text

   105 0001:0001A4A0   106 0001:0001A4C5   107 0001:0001A4D2   108 0001:0001A4DB
   109 0001:0001A4F4

Line numbers for context.handlers(StrList.pas) segment .text

   127 0001:0001A530   128 0001:0001A545   130 0001:0001A54F   133 0001:0001A574
   135 0001:0001A59D   136 0001:0001A5ED   133 0001:0001A5F1   137 0001:0001A602
   139 0001:0001A609   135 0001:0001A620

Line numbers for context.handlers(StrList.pas) segment .text

   197 0001:0001A640   198 0001:0001A644   199 0001:0001A64D

Line numbers for context.handlers(System.Generics.Defaults.pas) segment .text

    42 0001:0001A6CD

Line numbers for context.handlers(System.Generics.Collections.pas) segment .text

  4797 0001:0001AC84

Line numbers for context.handlers(System.Generics.Collections.pas) segment .text

  4818 0001:0001B617

Line numbers for context.handlers(System.Generics.Defaults.pas) segment .text

    42 0001:0001B6F0

Line numbers for context.handlers(System.Generics.Collections.pas) segment .text

  4797 0001:0001D0CA

Line numbers for context.handlers(System.Generics.Collections.pas) segment .text

  4818 0001:0001D9D7  4818 0001:0001F95B

Line numbers for context.handlers(StrList.pas) segment .text

   213 0001:0001DAB0   214 0001:0001E591   215 0001:0001E59D

Line numbers for context.handlers(StrList.pas) segment .text

   205 0001:0001E600   206 0001:0001E604   207 0001:0001E60A   209 0001:0001E617
   210 0001:0001E622

Line numbers for context.handlers(StrList.pas) segment .text

   213 0001:0001E648   214 0001:0001E9B1   215 0001:0001E9BD

Line numbers for context.handlers(StrList.pas) segment .text

   205 0001:0001EA20   206 0001:0001EA24   207 0001:0001EA2A   209 0001:0001EA37
   210 0001:0001EA42

Line numbers for uMessageHandler(uMessageHandler.pas) segment .text

    55 0001:00024170    56 0001:00024197    57 0001:000241AD    60 0001:00024200
    61 0001:0002422D    63 0001:00024258    64 0001:0002426E    67 0001:00024340
    68 0001:00024361    70 0001:0002438C    71 0001:00024399    72 0001:000243AA
    75 0001:00024430    76 0001:0002443C    77 0001:00024469    81 0001:00024490
    82 0001:0002449F    83 0001:000244FD    86 0001:00024560    87 0001:00024587
    88 0001:00024599    91 0001:000245D0    92 0001:00024617    93 0001:00024690
    96 0001:00024760    97 0001:00024783    98 0001:000247AD   103 0001:00024810
   104 0001:00024844   106 0001:00024875   107 0001:0002487C   104 0001:00024892
   108 0001:0002489F   109 0001:000248B8   108 0001:000248E0   109 0001:00024910
   112 0001:00024940   113 0001:0002495A   114 0001:0002496F   115 0001:00024981
   119 0001:000249C0

Line numbers for uMessageHandler(System.Generics.Defaults.pas) segment .text

    60 0001:000249DC

Line numbers for uMessageHandler(System.Generics.Defaults.pas) segment .text

    60 0001:00025936    60 0001:00027E08

Line numbers for uCustomController(uCustomController.pas) segment .text

    66 0001:00027F70    67 0001:00027FAE    68 0001:00027FD0    69 0001:00027FF3
    72 0001:000280A0    73 0001:000280A8    74 0001:000280B1    75 0001:000280BB
    76 0001:000280BF    77 0001:000280C7    82 0001:000280D0    87 0001:000280E0
    90 0001:000280F0    91 0001:000280F8    92 0001:00028107    97 0001:00028110
   100 0001:00028120   101 0001:00028128   102 0001:00028137   106 0001:00028140
   107 0001:00028144   110 0001:00028150   111 0001:00028154   112 0001:0002815D
   115 0001:00028170   116 0001:00028174   117 0001:0002817D   120 0001:00028190
   121 0001:0002819C   122 0001:000281A5   123 0001:000281A9   127 0001:000281B0
   128 0001:000281D6   129 0001:0002825F   132 0001:000282F0   133 0001:0002830C
   134 0001:00028365   138 0001:000283E0

Line numbers for uMVCLite(uMVCLite.pas) segment .text

   117 0001:0002ED00   118 0001:0002ED27   119 0001:0002ED3D   133 0001:0002ED70
   134 0001:0002EDF9   135 0001:0002EE05   136 0001:0002EE20   137 0001:0002EE30
   139 0001:0002EE54   141 0001:0002EE7A   142 0001:0002EE8A   144 0001:0002EEAE
   146 0001:0002EEC3   147 0001:0002EED3   148 0001:0002EEDE   149 0001:0002EF07
   142 0001:0002EF1E   151 0001:0002EF34   139 0001:0002EF44   152 0001:0002EF5A
   156 0001:0002EF6F   158 0001:0002EF95   159 0001:0002EFA5   161 0001:0002EFC9
   163 0001:0002EFDC   164 0001:0002EFEC   165 0001:0002EFF7   159 0001:0002F01C
   167 0001:0002F02E   156 0001:0002F03E   168 0001:0002F054   170 0001:0002F065
   173 0001:0002F1D0   180 0001:0002F1D4   181 0001:0002F1E3   184 0001:0002F1F0
   191 0001:0002F221   192 0001:0002F22D   193 0001:0002F246   194 0001:0002F25C
   197 0001:0002F2C0   204 0001:0002F2D7   205 0001:0002F2E0   206 0001:0002F2E9
   207 0001:0002F2F2   208 0001:0002F300   216 0001:0002F320   217 0001:0002F36B
   218 0001:0002F37B   219 0001:0002F398   220 0001:0002F3A1   221 0001:0002F3BC
   223 0001:0002F3CC   224 0001:0002F3DE   225 0001:0002F3F2   226 0001:0002F402
   230 0001:0002F41B   231 0001:0002F41C   232 0001:0002F429   234 0001:0002F456
   235 0001:0002F45D   238 0001:0002F4BA   235 0001:0002F4F0   238 0001:0002F500
   248 0001:0002F550   249 0001:0002F59B   250 0001:0002F5A4   251 0001:0002F5AD
   252 0001:0002F5C5   253 0001:0002F5D2   255 0001:0002F5F2   256 0001:0002F612
   255 0001:0002F627   256 0001:0002F639   258 0001:0002F64B   260 0001:0002F66B
   261 0001:0002F68B   260 0001:0002F6A0   261 0001:0002F6B2   263 0001:0002F6C3
   266 0001:0002F7A0   273 0001:0002F7A4   274 0001:0002F7B3   277 0001:0002F7C0
   284 0001:0002F7DA   285 0001:0002F7EB   286 0001:0002F800   292 0001:0002F830
   299 0001:0002F84E   301 0001:0002F857   302 0001:0002F877   303 0001:0002F887
   304 0001:0002F8A7   305 0001:0002F8B6   311 0001:0002F920   318 0001:0002F93E
   320 0001:0002F947   321 0001:0002F967   322 0001:0002F977   323 0001:0002F997
   324 0001:0002F9A6   330 0001:0002FA10   337 0001:0002FA3B   339 0001:0002FA44
   340 0001:0002FA64   341 0001:0002FA78   342 0001:0002FA98   343 0001:0002FAAB
   350 0001:0002FB20   357 0001:0002FB46   359 0001:0002FB4F   360 0001:0002FB6F
   361 0001:0002FB87   362 0001:0002FBA7   363 0001:0002FBBE   369 0001:0002FC30
   376 0001:0002FC4E   378 0001:0002FC57   379 0001:0002FC77   380 0001:0002FC87
   381 0001:0002FCA7   382 0001:0002FCB6   385 0001:0002FD20   392 0001:0002FD24
   393 0001:0002FD33   396 0001:0002FD40   403 0001:0002FD44   404 0001:0002FD62
   410 0001:0002FD70   411 0001:0002FD8A   413 0001:0002FD9F   414 0001:0002FDA0
   415 0001:0002FDB1   418 0001:0002FDC3   421 0001:0002FDCE   418 0001:0002FDE0
   421 0001:0002FE00   425 0001:0002FE20   426 0001:0002FE42   427 0001:0002FE59
   434 0001:0002FE90   435 0001:0002FEA9   436 0001:0002FEBA   437 0001:0002FEDD
   440 0001:0002FF10   441 0001:0002FF25   442 0001:0002FF4C   447 0001:0002FF80
   454 0001:0002FF8A   455 0001:0002FFA1   454 0001:0002FFBA   456 0001:0002FFC2
   457 0001:0002FFCA   460 0001:0002FFE0   461 0001:00030011   462 0001:00030020
   463 0001:00030036   464 0001:0003003F   465 0001:00030053   468 0001:000300C0
   469 0001:000300D7   470 0001:000300E0   471 0001:000300EE   474 0001:00030110
   475 0001:00030118   476 0001:00030127   481 0001:00030130   488 0001:0003013A
   489 0001:00030142   490 0001:00030159   489 0001:00030172   491 0001:0003017A
   496 0001:00030190   503 0001:000301AC   504 0001:000301B9   505 0001:000301D4
   504 0001:000301F6   506 0001:000301FF   511 0001:00030230   518 0001:0003023A
   519 0001:00030242   521 0001:00030259   522 0001:0003026F   519 0001:00030272
   523 0001:0003027A   528 0001:00030290   529 0001:000302A4   530 0001:000302B2
   531 0001:000302CF   530 0001:000302F0   532 0001:000302FA   535 0001:00030310
   536 0001:00030314   537 0001:00030319   540 0001:00030320   541 0001:00030342
   542 0001:00030359   551 0001:00030390   552 0001:000303A8   553 0001:000303C3
   552 0001:000303E8   554 0001:000303F1   557 0001:00030430   558 0001:0003045D
   560 0001:00030488   561 0001:0003049E   564 0001:00030560   565 0001:00030581
   567 0001:000305AC   568 0001:000305B9   569 0001:000305CA   574 0001:00030640
   575 0001:00030658   576 0001:00030673   575 0001:00030698   577 0001:000306A1
   582 0001:000306E0   583 0001:00030705   584 0001:00030716   585 0001:00030731
   584 0001:0003075A   586 0001:00030763   589 0001:000307B0   590 0001:000307B4
   591 0001:000307D1   594 0001:00030800   595 0001:00030808   596 0001:0003082C
   601 0001:00030840   608 0001:00030858   609 0001:00030873   608 0001:00030898
   610 0001:000308A1   615 0001:000308E0   617 0001:000308F8   619 0001:00030913
   620 0001:00030935   617 0001:00030938   621 0001:00030941   626 0001:00030980
   627 0001:000309A0   628 0001:000309BB   627 0001:000309E8   629 0001:000309F1
   639 0001:00030A30   640 0001:00030A63   642 0001:00030A7E   643 0001:00030A87
   644 0001:00030A93   646 0001:00030AB5   647 0001:00030ACF   648 0001:00030AE9
   649 0001:00030B05   654 0001:00030B70   655 0001:00030B8A   656 0001:00030BA0
   657 0001:00030BA5   659 0001:00030BC1   660 0001:00030BCF   665 0001:00030C20
   666 0001:00030C8E   667 0001:00030C98   669 0001:00030CC0   670 0001:00030CDD
   672 0001:00030CFC   674 0001:00030D3A   677 0001:00030DB9   679 0001:00030DBB
   670 0001:00030DBE   680 0001:00030DCB   683 0001:00030EA0   684 0001:00030EBB
   685 0001:00030ECC   686 0001:00030EE3   690 0001:00030F30

Line numbers for uMVCLite(StrList.pas) segment .text

    75 0001:00030F40    76 0001:00030F44    77 0001:00030F4A    79 0001:00030F57
    80 0001:00030F62

Line numbers for uMVCLite(StrList.pas) segment .text

   112 0001:00030F70   113 0001:00030F8C   114 0001:00030FCF   113 0001:00030FE0

Line numbers for uMVCLite(StrList.pas) segment .text

   122 0001:00031000   123 0001:0003101D   124 0001:0003105F   123 0001:00031070

Line numbers for uMVCLite(StrList.pas) segment .text

   153 0001:00031090   154 0001:000310B4   155 0001:000310BE   157 0001:000310DB
   158 0001:000310F0   159 0001:000310FD   160 0001:00031112

Line numbers for uMVCLite(StrList.pas) segment .text

   165 0001:000311B0   166 0001:000311D6   167 0001:000311EB   168 0001:000311F7
   169 0001:0003120C

Line numbers for uMVCLite(StrList.pas) segment .text

   188 0001:00031250   189 0001:0003125C   191 0001:00031262   192 0001:0003126F
   194 0001:00031273

Line numbers for uMVCLite(StrList.pas) segment .text

   144 0001:00031280   145 0001:000312B1   146 0001:000312BE   147 0001:000312CA
   148 0001:000312DF

Line numbers for uMVCLite(StrList.pas) segment .text

   118 0001:00031320   119 0001:00031327

Line numbers for uMVCLite(StrList.pas) segment .text

   172 0001:00031330   173 0001:00031338   175 0001:0003133D   176 0001:00031340
   177 0001:0003136A   181 0001:00031370   182 0001:0003137A   185 0001:00031384

Line numbers for uMVCLite(StrList.pas) segment .text

    83 0001:00031390    84 0001:000313C1    85 0001:000313EF    86 0001:0003140D
    87 0001:00031415    88 0001:0003141D

Line numbers for uMVCLite(StrList.pas) segment .text

    93 0001:00031480    94 0001:00031498    96 0001:000314A6    97 0001:000314B1
    94 0001:000314B4    98 0001:000314BA    99 0001:000314C3   100 0001:000314D1

Line numbers for uMVCLite(StrList.pas) segment .text

    62 0001:000314F0    63 0001:0003151E    64 0001:00031528    66 0001:00031538
    67 0001:0003154D    69 0001:00031562    71 0001:000315AE    72 0001:000315C3

Line numbers for uMVCLite(StrList.pas) segment .text

   105 0001:00031610   106 0001:00031638   107 0001:00031645   108 0001:00031658
   109 0001:00031674

Line numbers for uMVCLite(StrList.pas) segment .text

   127 0001:000316B0   128 0001:000316CB   130 0001:000316D8   133 0001:00031703
   135 0001:0003172F   136 0001:0003178A   133 0001:0003178E   137 0001:0003179F
   139 0001:000317A6   135 0001:000317B0

Line numbers for uMVCLite(StrList.pas) segment .text

   197 0001:000317D0   198 0001:000317D4   199 0001:000317DD

Line numbers for uMVCLite(System.Generics.Defaults.pas) segment .text

    42 0001:0003186C

Line numbers for uMVCLite(System.Generics.Collections.pas) segment .text

  4797 0001:00031E24

Line numbers for uMVCLite(System.Generics.Collections.pas) segment .text

  4818 0001:000327E7

Line numbers for uMVCLite(System.Generics.Defaults.pas) segment .text

    42 0001:000328C0

Line numbers for uMVCLite(System.Generics.Collections.pas) segment .text

  4797 0001:0003437A

Line numbers for uMVCLite(System.Generics.Collections.pas) segment .text

  4818 0001:00034CF7  4818 0001:000365F4

Line numbers for uMVCLite(StrList.pas) segment .text

   213 0001:00034DD0   214 0001:00035871   215 0001:0003587D

Line numbers for uMVCLite(StrList.pas) segment .text

   205 0001:000358E0   206 0001:000358E4   207 0001:000358EA   209 0001:000358F7
   210 0001:00035902

Line numbers for uDefaultApp(uDefaultApp.pas) segment .text

    51 0001:00037980    52 0001:000379D8    54 0001:00037A03    55 0001:00037A11
    56 0001:00037A3D    57 0001:00037A5E    58 0001:00037A85    59 0001:00037A95
    60 0001:00037ABC    61 0001:00037ADD    64 0001:00037C30    65 0001:00037C51
    66 0001:00037C7C    67 0001:00037C95    68 0001:00037CAE    69 0001:00037CBF
    72 0001:00037D50    73 0001:00037D58    74 0001:00037D67    77 0001:00037D70
    78 0001:00037D78    79 0001:00037D9C    82 0001:00037DB0    83 0001:00037DB8
    84 0001:00037DDC    92 0001:00037DF0    93 0001:00037E25    94 0001:00037E82
    97 0001:00037F10    98 0001:00037F1C    99 0001:00037F49   103 0001:00037F70
   104 0001:00037F7F   105 0001:00037FDD   110 0001:00038040   111 0001:00038044
   112 0001:00038076   115 0001:00038090   116 0001:00038094   117 0001:000380AD
   120 0001:000380F4   121 0001:00038111   123 0001:0003812E

Line numbers for uJsonConfig(uJsonConfig.pas) segment .text

    30 0001:00038360    31 0001:0003837A    32 0001:0003838C    37 0001:000383C0
    38 0001:000383DF    40 0001:000383EE    41 0001:00038400    42 0001:00038401
    43 0001:00038416    45 0001:00038423    47 0001:0003842E    45 0001:00038440
    47 0001:00038460    52 0001:00038480    53 0001:00038495    54 0001:000384A7
    55 0001:000384A8    56 0001:000384BD    58 0001:000384CA    60 0001:000384D4
    58 0001:000384E0    65 0001:00038500    66 0001:0003854C    67 0001:0003854D
    68 0001:00038572    70 0001:00038579    71 0001:000385C5    74 0001:000385C7
    76 0001:000385E3    78 0001:000385E7    82 0001:0003863F    78 0001:00038680
    82 0001:00038690    86 0001:00038780

Line numbers for uOEMDisp(uOEMDisp.pas) segment .text

    71 0001:00038B90    72 0001:00038BD6    73 0001:00038BDE    74 0001:00038BE6
    76 0001:00038BEE    77 0001:00038C06    79 0001:00038C1A    80 0001:00038C29
    81 0001:00038C37    85 0001:00038D10    86 0001:00038D15    90 0001:00038D20
    91 0001:00038D25    95 0001:00038D30    96 0001:00038D35   100 0001:00038D40
   101 0001:00038D45   105 0001:00038D50   106 0001:00038D53   109 0001:00038D60
   110 0001:00038D83   111 0001:00038D90   112 0001:00038D9B   113 0001:00038DB7
   114 0001:00038DD3   115 0001:00038DEF   116 0001:00038E0B   117 0001:00038E2B
   118 0001:00038E48   127 0001:00038F60   128 0001:00038F8D   131 0001:00038F99
   122 0001:00038FB0   123 0001:00038FC4   124 0001:00038FD9   126 0001:0003900D

Line numbers for .ModuleLib(R:\AutoBuild\AppLib\dev-MVCFramework-CBB_X11-win64\MvcFrame_MVCFramework\ModuleLib\XE\ModuleLib.dpk) segment .text

    50 0001:0003904C

Bound resource files

ModuleLib.res
C:\Users\ADMINI~1\AppData\Local\Temp\2\dtf1E34.tmp


Program entry point at 0001:0000000000439030
